Mar 15 23:04:09 localhost journal: Runtime journal is using 8.0M (max allowed 91.8M, trying to leave 137.8M free of 910.8M available → current limit 91.8M).
Mar 15 23:04:09 localhost kernel: Initializing cgroup subsys cpuset
Mar 15 23:04:09 localhost kernel: Initializing cgroup subsys cpu
Mar 15 23:04:09 localhost kernel: Initializing cgroup subsys cpuacct
Mar 15 23:04:09 localhost kernel: Linux version 3.10.0-1160.el7.x86_64 (mockbuild@kbuilder.bsys.centos.org) (gcc version 4.8.5 20150623 (Red Hat 4.8.5-44) (GCC) ) #1 SMP Mon Oct 19 16:18:59 UTC 2020
Mar 15 23:04:09 localhost kernel: Command line: BOOT_IMAGE=/vmlinuz-3.10.0-1160.el7.x86_64 root=/dev/mapper/centos-root ro crashkernel=auto rd.lvm.lv=centos/root rd.lvm.lv=centos/swap rhgb quiet LANG=en_US.UTF-8
Mar 15 23:04:09 localhost kernel: e820: BIOS-provided physical RAM map:
Mar 15 23:04:09 localhost kernel: BIOS-e820: [mem 0x0000000000000000-0x000000000009fbff] usable
Mar 15 23:04:09 localhost kernel: BIOS-e820: [mem 0x000000000009fc00-0x000000000009ffff] reserved
Mar 15 23:04:09 localhost kernel: BIOS-e820: [mem 0x00000000000f0000-0x00000000000fffff] reserved
Mar 15 23:04:09 localhost kernel: BIOS-e820: [mem 0x0000000000100000-0x000000007ffeffff] usable
Mar 15 23:04:09 localhost kernel: BIOS-e820: [mem 0x000000007fff0000-0x000000007fffffff] ACPI data
Mar 15 23:04:09 localhost kernel: BIOS-e820: [mem 0x00000000fec00000-0x00000000fec00fff] reserved
Mar 15 23:04:09 localhost kernel: BIOS-e820: [mem 0x00000000fee00000-0x00000000fee00fff] reserved
Mar 15 23:04:09 localhost kernel: BIOS-e820: [mem 0x00000000fffc0000-0x00000000ffffffff] reserved
Mar 15 23:04:09 localhost kernel: NX (Execute Disable) protection: active
Mar 15 23:04:09 localhost kernel: SMBIOS 2.5 present.
Mar 15 23:04:09 localhost kernel: DMI: innotek GmbH VirtualBox/VirtualBox, BIOS VirtualBox 12/01/2006
Mar 15 23:04:09 localhost kernel: Hypervisor detected: KVM
Mar 15 23:04:09 localhost kernel: e820: last_pfn = 0x7fff0 max_arch_pfn = 0x400000000
Mar 15 23:04:09 localhost kernel: PAT configuration [0-7]: WB  WC  UC- UC  WB  WP  UC- UC  
Mar 15 23:04:09 localhost kernel: CPU MTRRs all blank - virtualized system.
Mar 15 23:04:09 localhost kernel: found SMP MP-table at [mem 0x0009fff0-0x0009ffff] mapped at [ffffffffff200ff0]
Mar 15 23:04:09 localhost kernel: RAMDISK: [mem 0x3432e000-0x3618efff]
Mar 15 23:04:09 localhost kernel: Early table checksum verification disabled
Mar 15 23:04:09 localhost kernel: ACPI: RSDP 00000000000e0000 00024 (v02 VBOX  )
Mar 15 23:04:09 localhost kernel: ACPI: XSDT 000000007fff0030 0003C (v01 VBOX   VBOXXSDT 00000001 ASL  00000061)
Mar 15 23:04:09 localhost kernel: ACPI: FACP 000000007fff00f0 000F4 (v04 VBOX   VBOXFACP 00000001 ASL  00000061)
Mar 15 23:04:09 localhost kernel: ACPI: DSDT 000000007fff0610 02353 (v02 VBOX   VBOXBIOS 00000002 INTL 20100528)
Mar 15 23:04:09 localhost kernel: ACPI: FACS 000000007fff0200 00040
Mar 15 23:04:09 localhost kernel: ACPI: APIC 000000007fff0240 0005C (v02 VBOX   VBOXAPIC 00000001 ASL  00000061)
Mar 15 23:04:09 localhost kernel: ACPI: SSDT 000000007fff02a0 0036C (v01 VBOX   VBOXCPUT 00000002 INTL 20100528)
Mar 15 23:04:09 localhost kernel: No NUMA configuration found
Mar 15 23:04:09 localhost kernel: Faking a node at [mem 0x0000000000000000-0x000000007ffeffff]
Mar 15 23:04:09 localhost kernel: NODE_DATA(0) allocated [mem 0x7ffc9000-0x7ffeffff]
Mar 15 23:04:09 localhost kernel: Reserving 161MB of memory at 672MB for crashkernel (System RAM: 2047MB)
Mar 15 23:04:09 localhost kernel: kvm-clock: cpu 0, msr 0:7ff78001, primary cpu clock
Mar 15 23:04:09 localhost kernel: kvm-clock: Using msrs 4b564d01 and 4b564d00
Mar 15 23:04:09 localhost kernel: kvm-clock: using sched offset of 734503019226 cycles
Mar 15 23:04:09 localhost kernel: Zone ranges:
Mar 15 23:04:09 localhost kernel:  DMA      [mem 0x00001000-0x00ffffff]
Mar 15 23:04:09 localhost kernel:  DMA32    [mem 0x01000000-0xffffffff]
Mar 15 23:04:09 localhost kernel:  Normal   empty
Mar 15 23:04:09 localhost kernel: Movable zone start for each node
Mar 15 23:04:09 localhost kernel: Early memory node ranges
Mar 15 23:04:09 localhost kernel:  node   0: [mem 0x00001000-0x0009efff]
Mar 15 23:04:09 localhost kernel:  node   0: [mem 0x00100000-0x7ffeffff]
Mar 15 23:04:09 localhost kernel: Initmem setup node 0 [mem 0x00001000-0x7ffeffff]
Mar 15 23:04:09 localhost kernel: ACPI: PM-Timer IO Port: 0x4008
Mar 15 23:04:09 localhost kernel: ACPI: LAPIC (acpi_id[0x00] lapic_id[0x00] enabled)
Mar 15 23:04:09 localhost kernel: ACPI: LAPIC (acpi_id[0x01] lapic_id[0x01] enabled)
Mar 15 23:04:09 localhost kernel: ACPI: IOAPIC (id[0x02] address[0xfec00000] gsi_base[0])
Mar 15 23:04:09 localhost kernel: IOAPIC[0]: apic_id 2, version 32, address 0xfec00000, GSI 0-23
Mar 15 23:04:09 localhost kernel: ACPI: INT_SRC_OVR (bus 0 bus_irq 0 global_irq 2 dfl dfl)
Mar 15 23:04:09 localhost kernel: ACPI: INT_SRC_OVR (bus 0 bus_irq 9 global_irq 9 low level)
Mar 15 23:04:09 localhost kernel: Using ACPI (MADT) for SMP configuration information
Mar 15 23:04:09 localhost kernel: smpboot: Allowing 2 CPUs, 0 hotplug CPUs
Mar 15 23:04:09 localhost kernel: PM: Registered nosave memory: [mem 0x0009f000-0x0009ffff]
Mar 15 23:04:09 localhost kernel: PM: Registered nosave memory: [mem 0x000a0000-0x000effff]
Mar 15 23:04:09 localhost kernel: PM: Registered nosave memory: [mem 0x000f0000-0x000fffff]
Mar 15 23:04:09 localhost kernel: e820: [mem 0x80000000-0xfebfffff] available for PCI devices
Mar 15 23:04:09 localhost kernel: Booting paravirtualized kernel on KVM
Mar 15 23:04:09 localhost kernel: Detected CPU family 6 model 151 stepping 2
Mar 15 23:04:09 localhost kernel: Warning: Intel Processor - this hardware has not undergone upstream testing. Please consult http://wiki.centos.org/FAQ for more information
Mar 15 23:04:09 localhost kernel: setup_percpu: NR_CPUS:5120 nr_cpumask_bits:2 nr_cpu_ids:2 nr_node_ids:1
Mar 15 23:04:09 localhost kernel: percpu: Embedded 38 pages/cpu s118784 r8192 d28672 u1048576
Mar 15 23:04:09 localhost kernel: PV qspinlock hash table entries: 256 (order: 0, 4096 bytes)
Mar 15 23:04:09 localhost kernel: Built 1 zonelists in Node order, mobility grouping on.  Total pages: 515961
Mar 15 23:04:09 localhost kernel: Policy zone: DMA32
Mar 15 23:04:09 localhost kernel: Kernel command line: BOOT_IMAGE=/vmlinuz-3.10.0-1160.el7.x86_64 root=/dev/mapper/centos-root ro crashkernel=auto rd.lvm.lv=centos/root rd.lvm.lv=centos/swap rhgb quiet LANG=en_US.UTF-8
Mar 15 23:04:09 localhost kernel: PID hash table entries: 4096 (order: 3, 32768 bytes)
Mar 15 23:04:09 localhost kernel: Memory: 1847880k/2097088k available (7788k kernel code, 392k absent, 248816k reserved, 5954k data, 1984k init)
Mar 15 23:04:09 localhost kernel: SLUB: HWalign=64, Order=0-3, MinObjects=0, CPUs=2, Nodes=1
Mar 15 23:04:09 localhost kernel: Hierarchical RCU implementation.
Mar 15 23:04:09 localhost kernel: #011RCU restricting CPUs from NR_CPUS=5120 to nr_cpu_ids=2.
Mar 15 23:04:09 localhost kernel: NR_IRQS:327936 nr_irqs:440 0
Mar 15 23:04:09 localhost kernel: Console: colour VGA+ 80x25
Mar 15 23:04:09 localhost kernel: console [tty0] enabled
Mar 15 23:04:09 localhost kernel: allocated 54525952 bytes of page_cgroup
Mar 15 23:04:09 localhost kernel: please try 'cgroup_disable=memory' option if you don't want memory cgroups
Mar 15 23:04:09 localhost kernel: tsc: Detected 2496.002 MHz processor
Mar 15 23:04:09 localhost kernel: Calibrating delay loop (skipped) preset value.. 4992.00 BogoMIPS (lpj=2496002)
Mar 15 23:04:09 localhost kernel: pid_max: default: 32768 minimum: 301
Mar 15 23:04:09 localhost kernel: Security Framework initialized
Mar 15 23:04:09 localhost kernel: SELinux:  Initializing.
Mar 15 23:04:09 localhost kernel: Yama: becoming mindful.
Mar 15 23:04:09 localhost kernel: Dentry cache hash table entries: 262144 (order: 9, 2097152 bytes)
Mar 15 23:04:09 localhost kernel: Inode-cache hash table entries: 131072 (order: 8, 1048576 bytes)
Mar 15 23:04:09 localhost kernel: Mount-cache hash table entries: 4096 (order: 3, 32768 bytes)
Mar 15 23:04:09 localhost kernel: Mountpoint-cache hash table entries: 4096 (order: 3, 32768 bytes)
Mar 15 23:04:09 localhost kernel: Initializing cgroup subsys memory
Mar 15 23:04:09 localhost kernel: Initializing cgroup subsys devices
Mar 15 23:04:09 localhost kernel: Initializing cgroup subsys freezer
Mar 15 23:04:09 localhost kernel: Initializing cgroup subsys net_cls
Mar 15 23:04:09 localhost kernel: Initializing cgroup subsys blkio
Mar 15 23:04:09 localhost kernel: Initializing cgroup subsys perf_event
Mar 15 23:04:09 localhost kernel: Initializing cgroup subsys hugetlb
Mar 15 23:04:09 localhost kernel: Initializing cgroup subsys pids
Mar 15 23:04:09 localhost kernel: Initializing cgroup subsys net_prio
Mar 15 23:04:09 localhost kernel: Last level iTLB entries: 4KB 0, 2MB 0, 4MB 0
Mar 15 23:04:09 localhost kernel: Last level dTLB entries: 4KB 0, 2MB 0, 4MB 0
Mar 15 23:04:09 localhost kernel: tlb_flushall_shift: 6
Mar 15 23:04:09 localhost kernel: FEATURE SPEC_CTRL Not Present
Mar 15 23:04:09 localhost kernel: FEATURE IBPB_SUPPORT Not Present
Mar 15 23:04:09 localhost kernel: Spectre V1 : Mitigation: Load fences, usercopy/swapgs barriers and __user pointer sanitization
Mar 15 23:04:09 localhost kernel: Spectre V2 : Mitigation: Enhanced IBRS
Mar 15 23:04:09 localhost kernel: Speculative Store Bypass: Vulnerable
Mar 15 23:04:09 localhost kernel: Freeing SMP alternatives: 28k freed
Mar 15 23:04:09 localhost kernel: ACPI: Core revision 20130517
Mar 15 23:04:09 localhost kernel: ACPI: All ACPI Tables successfully acquired
Mar 15 23:04:09 localhost kernel: ftrace: allocating 29651 entries in 116 pages
Mar 15 23:04:09 localhost kernel: ..TIMER: vector=0x30 apic1=0 pin1=2 apic2=-1 pin2=-1
Mar 15 23:04:09 localhost kernel: smpboot: CPU0: 12th Gen Intel(R) Core(TM) i5-12400 (fam: 06, model: 97, stepping: 02)
Mar 15 23:04:09 localhost kernel: APIC calibration not consistent with PM-Timer: 105ms instead of 100ms
Mar 15 23:04:09 localhost kernel: APIC delta adjusted to PM-Timer: 6305427 (6622888)
Mar 15 23:04:09 localhost kernel: Performance Events: unsupported p6 CPU model 151 no PMU driver, software events only.
Mar 15 23:04:09 localhost kernel: KVM setup paravirtual spinlock
Mar 15 23:04:09 localhost kernel: smpboot: Booting Node   0, Processors  #1 OK
Mar 15 23:04:09 localhost kernel: kvm-clock: cpu 1, msr 0:7ff78041, secondary cpu clock
Mar 15 23:04:09 localhost kernel: TSC synchronization [CPU#0 -> CPU#1]:
Mar 15 23:04:09 localhost kernel: Measured 11027 cycles TSC warp between CPUs, turning off TSC clock.
Mar 15 23:04:09 localhost kernel: tsc: Marking TSC unstable due to check_tsc_sync_source failed
Mar 15 23:04:09 localhost kernel: Brought up 2 CPUs
Mar 15 23:04:09 localhost kernel: smpboot: Max logical packages: 1
Mar 15 23:04:09 localhost kernel: smpboot: Total of 2 processors activated (9984.00 BogoMIPS)
Mar 15 23:04:09 localhost kernel: devtmpfs: initialized
Mar 15 23:04:09 localhost kernel: x86/mm: Memory block size: 128MB
Mar 15 23:04:09 localhost kernel: EVM: security.selinux
Mar 15 23:04:09 localhost kernel: EVM: security.ima
Mar 15 23:04:09 localhost kernel: EVM: security.capability
Mar 15 23:04:09 localhost kernel: atomic64 test passed for x86-64 platform with CX8 and with SSE
Mar 15 23:04:09 localhost kernel: pinctrl core: initialized pinctrl subsystem
Mar 15 23:04:09 localhost kernel: RTC time:  3:04:09, date: 03/16/23
Mar 15 23:04:09 localhost kernel: NET: Registered protocol family 16
Mar 15 23:04:09 localhost kernel: cpuidle: using governor haltpoll
Mar 15 23:04:09 localhost kernel: ACPI: bus type PCI registered
Mar 15 23:04:09 localhost kernel: acpiphp: ACPI Hot Plug PCI Controller Driver version: 0.5
Mar 15 23:04:09 localhost kernel: PCI: Using configuration type 1 for base access
Mar 15 23:04:09 localhost kernel: ACPI: Added _OSI(Module Device)
Mar 15 23:04:09 localhost kernel: ACPI: Added _OSI(Processor Device)
Mar 15 23:04:09 localhost kernel: ACPI: Added _OSI(3.0 _SCP Extensions)
Mar 15 23:04:09 localhost kernel: ACPI: Added _OSI(Processor Aggregator Device)
Mar 15 23:04:09 localhost kernel: ACPI: Added _OSI(Linux-Dell-Video)
Mar 15 23:04:09 localhost kernel: ACPI: Executed 1 blocks of module-level executable AML code
Mar 15 23:04:09 localhost kernel: ACPI: Interpreter enabled
Mar 15 23:04:09 localhost kernel: ACPI: (supports S0 S5)
Mar 15 23:04:09 localhost kernel: ACPI: Using IOAPIC for interrupt routing
Mar 15 23:04:09 localhost kernel: PCI: Using host bridge windows from ACPI; if necessary, use "pci=nocrs" and report a bug
Mar 15 23:04:09 localhost kernel: ACPI: Enabled 2 GPEs in block 00 to 07
Mar 15 23:04:09 localhost kernel: ACPI: PCI Root Bridge [PCI0] (domain 0000 [bus 00-ff])
Mar 15 23:04:09 localhost kernel: acpi PNP0A03:00: _OSC: OS supports [ASPM ClockPM Segments MSI]
Mar 15 23:04:09 localhost kernel: acpi PNP0A03:00: _OSC: not requesting OS control; OS requires [ExtendedConfig ASPM ClockPM MSI]
Mar 15 23:04:09 localhost kernel: acpi PNP0A03:00: fail to add MMCONFIG information, can't access extended PCI configuration space under this bridge.
Mar 15 23:04:09 localhost kernel: PCI host bridge to bus 0000:00
Mar 15 23:04:09 localhost kernel: pci_bus 0000:00: root bus resource [io  0x0000-0x0cf7 window]
Mar 15 23:04:09 localhost kernel: pci_bus 0000:00: root bus resource [io  0x0d00-0xffff window]
Mar 15 23:04:09 localhost kernel: pci_bus 0000:00: root bus resource [mem 0x000a0000-0x000bffff window]
Mar 15 23:04:09 localhost kernel: pci_bus 0000:00: root bus resource [mem 0x80000000-0xfdffffff window]
Mar 15 23:04:09 localhost kernel: pci_bus 0000:00: root bus resource [bus 00-ff]
Mar 15 23:04:09 localhost kernel: pci 0000:00:01.1: legacy IDE quirk: reg 0x10: [io  0x01f0-0x01f7]
Mar 15 23:04:09 localhost kernel: pci 0000:00:01.1: legacy IDE quirk: reg 0x14: [io  0x03f6]
Mar 15 23:04:09 localhost kernel: pci 0000:00:01.1: legacy IDE quirk: reg 0x18: [io  0x0170-0x0177]
Mar 15 23:04:09 localhost kernel: pci 0000:00:01.1: legacy IDE quirk: reg 0x1c: [io  0x0376]
Mar 15 23:04:09 localhost kernel: pci 0000:00:07.0: quirk: [io  0x4000-0x403f] claimed by PIIX4 ACPI
Mar 15 23:04:09 localhost kernel: pci 0000:00:07.0: quirk: [io  0x4100-0x410f] claimed by PIIX4 SMB
Mar 15 23:04:09 localhost kernel: ACPI: PCI Interrupt Link [LNKA] (IRQs 5 9 10 *11)
Mar 15 23:04:09 localhost kernel: ACPI: PCI Interrupt Link [LNKB] (IRQs 5 9 *10 11)
Mar 15 23:04:09 localhost kernel: ACPI: PCI Interrupt Link [LNKC] (IRQs 5 *9 10 11)
Mar 15 23:04:09 localhost kernel: ACPI: PCI Interrupt Link [LNKD] (IRQs 5 9 10 *11)
Mar 15 23:04:09 localhost kernel: vgaarb: device added: PCI:0000:00:02.0,decodes=io+mem,owns=io+mem,locks=none
Mar 15 23:04:09 localhost kernel: vgaarb: loaded
Mar 15 23:04:09 localhost kernel: vgaarb: bridge control possible 0000:00:02.0
Mar 15 23:04:09 localhost kernel: SCSI subsystem initialized
Mar 15 23:04:09 localhost kernel: ACPI: bus type USB registered
Mar 15 23:04:09 localhost kernel: usbcore: registered new interface driver usbfs
Mar 15 23:04:09 localhost kernel: usbcore: registered new interface driver hub
Mar 15 23:04:09 localhost kernel: usbcore: registered new device driver usb
Mar 15 23:04:09 localhost kernel: EDAC MC: Ver: 3.0.0
Mar 15 23:04:09 localhost kernel: PCI: Using ACPI for IRQ routing
Mar 15 23:04:09 localhost kernel: NetLabel: Initializing
Mar 15 23:04:09 localhost kernel: NetLabel:  domain hash size = 128
Mar 15 23:04:09 localhost kernel: NetLabel:  protocols = UNLABELED CIPSOv4
Mar 15 23:04:09 localhost kernel: NetLabel:  unlabeled traffic allowed by default
Mar 15 23:04:09 localhost kernel: amd_nb: Cannot enumerate AMD northbridges
Mar 15 23:04:09 localhost kernel: Switched to clocksource kvm-clock
Mar 15 23:04:09 localhost kernel: pnp: PnP ACPI init
Mar 15 23:04:09 localhost kernel: ACPI: bus type PNP registered
Mar 15 23:04:09 localhost kernel: pnp: PnP ACPI: found 2 devices
Mar 15 23:04:09 localhost kernel: ACPI: bus type PNP unregistered
Mar 15 23:04:09 localhost kernel: NET: Registered protocol family 2
Mar 15 23:04:09 localhost kernel: TCP established hash table entries: 16384 (order: 5, 131072 bytes)
Mar 15 23:04:09 localhost kernel: TCP bind hash table entries: 16384 (order: 6, 262144 bytes)
Mar 15 23:04:09 localhost kernel: TCP: Hash tables configured (established 16384 bind 16384)
Mar 15 23:04:09 localhost kernel: TCP: reno registered
Mar 15 23:04:09 localhost kernel: UDP hash table entries: 1024 (order: 3, 32768 bytes)
Mar 15 23:04:09 localhost kernel: UDP-Lite hash table entries: 1024 (order: 3, 32768 bytes)
Mar 15 23:04:09 localhost kernel: NET: Registered protocol family 1
Mar 15 23:04:09 localhost kernel: pci 0000:00:00.0: Limiting direct PCI/PCI transfers
Mar 15 23:04:09 localhost kernel: pci 0000:00:01.0: Activating ISA DMA hang workarounds
Mar 15 23:04:09 localhost kernel: Unpacking initramfs...
Mar 15 23:04:09 localhost kernel: Freeing initrd memory: 31108k freed
Mar 15 23:04:09 localhost kernel: platform rtc_cmos: registered platform RTC device (no PNP device found)
Mar 15 23:04:09 localhost kernel: sha1_ssse3: Using SSSE3 optimized SHA-1 implementation
Mar 15 23:04:09 localhost kernel: sha256_ssse3: Using SSSE3 optimized SHA-256 implementation
Mar 15 23:04:09 localhost kernel: futex hash table entries: 512 (order: 3, 32768 bytes)
Mar 15 23:04:09 localhost kernel: Initialise system trusted keyring
Mar 15 23:04:09 localhost kernel: audit: initializing netlink socket (disabled)
Mar 15 23:04:09 localhost kernel: type=2000 audit(1678936583.833:1): initialized
Mar 15 23:04:09 localhost kernel: HugeTLB registered 2 MB page size, pre-allocated 0 pages
Mar 15 23:04:09 localhost kernel: zpool: loaded
Mar 15 23:04:09 localhost kernel: zbud: loaded
Mar 15 23:04:09 localhost kernel: VFS: Disk quotas dquot_6.5.2
Mar 15 23:04:09 localhost kernel: Dquot-cache hash table entries: 512 (order 0, 4096 bytes)
Mar 15 23:04:09 localhost kernel: Key type big_key registered
Mar 15 23:04:09 localhost kernel: NET: Registered protocol family 38
Mar 15 23:04:09 localhost kernel: Key type asymmetric registered
Mar 15 23:04:09 localhost kernel: Asymmetric key parser 'x509' registered
Mar 15 23:04:09 localhost kernel: Block layer SCSI generic (bsg) driver version 0.4 loaded (major 248)
Mar 15 23:04:09 localhost kernel: io scheduler noop registered
Mar 15 23:04:09 localhost kernel: io scheduler deadline registered (default)
Mar 15 23:04:09 localhost kernel: io scheduler cfq registered
Mar 15 23:04:09 localhost kernel: io scheduler mq-deadline registered
Mar 15 23:04:09 localhost kernel: io scheduler kyber registered
Mar 15 23:04:09 localhost kernel: pci_hotplug: PCI Hot Plug PCI Core version: 0.5
Mar 15 23:04:09 localhost kernel: pciehp: PCI Express Hot Plug Controller Driver version: 0.4
Mar 15 23:04:09 localhost kernel: shpchp: Standard Hot Plug PCI Controller Driver version: 0.4
Mar 15 23:04:09 localhost kernel: ACPI: AC Adapter [AC] (on-line)
Mar 15 23:04:09 localhost kernel: input: Power Button as /devices/LNXSYSTM:00/LNXPWRBN:00/input/input0
Mar 15 23:04:09 localhost kernel: ACPI: Power Button [PWRF]
Mar 15 23:04:09 localhost kernel: input: Sleep Button as /devices/LNXSYSTM:00/LNXSLPBN:00/input/input1
Mar 15 23:04:09 localhost kernel: ACPI: Sleep Button [SLPF]
Mar 15 23:04:09 localhost kernel: GHES: HEST is not enabled!
Mar 15 23:04:09 localhost kernel: Serial: 8250/16550 driver, 4 ports, IRQ sharing enabled
Mar 15 23:04:09 localhost kernel: Non-volatile memory driver v1.3
Mar 15 23:04:09 localhost kernel: Linux agpgart interface v0.103
Mar 15 23:04:09 localhost kernel: crash memory driver: version 1.1
Mar 15 23:04:09 localhost kernel: rdac: device handler registered
Mar 15 23:04:09 localhost kernel: hp_sw: device handler registered
Mar 15 23:04:09 localhost kernel: emc: device handler registered
Mar 15 23:04:09 localhost kernel: alua: device handler registered
Mar 15 23:04:09 localhost kernel: libphy: Fixed MDIO Bus: probed
Mar 15 23:04:09 localhost kernel: ehci_hcd: USB 2.0 'Enhanced' Host Controller (EHCI) Driver
Mar 15 23:04:09 localhost kernel: ehci-pci: EHCI PCI platform driver
Mar 15 23:04:09 localhost kernel: ehci-pci 0000:00:0b.0: EHCI Host Controller
Mar 15 23:04:09 localhost kernel: ehci-pci 0000:00:0b.0: new USB bus registered, assigned bus number 1
Mar 15 23:04:09 localhost kernel: ehci-pci 0000:00:0b.0: irq 19, io mem 0xf0840000
Mar 15 23:04:09 localhost kernel: ehci-pci 0000:00:0b.0: USB 2.0 started, EHCI 1.00
Mar 15 23:04:09 localhost kernel: usb usb1: New USB device found, idVendor=1d6b, idProduct=0002, bcdDevice= 3.10
Mar 15 23:04:09 localhost kernel: usb usb1: New USB device strings: Mfr=3, Product=2, SerialNumber=1
Mar 15 23:04:09 localhost kernel: usb usb1: Product: EHCI Host Controller
Mar 15 23:04:09 localhost kernel: usb usb1: Manufacturer: Linux 3.10.0-1160.el7.x86_64 ehci_hcd
Mar 15 23:04:09 localhost kernel: usb usb1: SerialNumber: 0000:00:0b.0
Mar 15 23:04:09 localhost kernel: hub 1-0:1.0: USB hub found
Mar 15 23:04:09 localhost kernel: hub 1-0:1.0: 12 ports detected
Mar 15 23:04:09 localhost kernel: ohci_hcd: USB 1.1 'Open' Host Controller (OHCI) Driver
Mar 15 23:04:09 localhost kernel: ohci-pci: OHCI PCI platform driver
Mar 15 23:04:09 localhost kernel: ohci-pci 0000:00:06.0: OHCI PCI host controller
Mar 15 23:04:09 localhost kernel: ohci-pci 0000:00:06.0: new USB bus registered, assigned bus number 2
Mar 15 23:04:09 localhost kernel: ohci-pci 0000:00:06.0: irq 22, io mem 0xf0804000
Mar 15 23:04:09 localhost kernel: usb usb2: New USB device found, idVendor=1d6b, idProduct=0001, bcdDevice= 3.10
Mar 15 23:04:09 localhost kernel: usb usb2: New USB device strings: Mfr=3, Product=2, SerialNumber=1
Mar 15 23:04:09 localhost kernel: usb usb2: Product: OHCI PCI host controller
Mar 15 23:04:09 localhost kernel: usb usb2: Manufacturer: Linux 3.10.0-1160.el7.x86_64 ohci_hcd
Mar 15 23:04:09 localhost kernel: usb usb2: SerialNumber: 0000:00:06.0
Mar 15 23:04:09 localhost kernel: hub 2-0:1.0: USB hub found
Mar 15 23:04:09 localhost kernel: hub 2-0:1.0: 12 ports detected
Mar 15 23:04:09 localhost kernel: uhci_hcd: USB Universal Host Controller Interface driver
Mar 15 23:04:09 localhost kernel: usbcore: registered new interface driver usbserial_generic
Mar 15 23:04:09 localhost kernel: usbserial: USB Serial support registered for generic
Mar 15 23:04:09 localhost kernel: i8042: PNP: PS/2 Controller [PNP0303:PS2K,PNP0f03:PS2M] at 0x60,0x64 irq 1,12
Mar 15 23:04:09 localhost kernel: serio: i8042 KBD port at 0x60,0x64 irq 1
Mar 15 23:04:09 localhost kernel: serio: i8042 AUX port at 0x60,0x64 irq 12
Mar 15 23:04:09 localhost kernel: mousedev: PS/2 mouse device common for all mice
Mar 15 23:04:09 localhost kernel: rtc_cmos rtc_cmos: rtc core: registered rtc_cmos as rtc0
Mar 15 23:04:09 localhost kernel: rtc_cmos rtc_cmos: alarms up to one day, 114 bytes nvram
Mar 15 23:04:09 localhost kernel: hidraw: raw HID events driver (C) Jiri Kosina
Mar 15 23:04:09 localhost kernel: usbcore: registered new interface driver usbhid
Mar 15 23:04:09 localhost kernel: usbhid: USB HID core driver
Mar 15 23:04:09 localhost kernel: drop_monitor: Initializing network drop monitor service
Mar 15 23:04:09 localhost kernel: TCP: cubic registered
Mar 15 23:04:09 localhost kernel: Initializing XFRM netlink socket
Mar 15 23:04:09 localhost kernel: NET: Registered protocol family 10
Mar 15 23:04:09 localhost kernel: input: AT Translated Set 2 keyboard as /devices/platform/i8042/serio0/input/input2
Mar 15 23:04:09 localhost kernel: NET: Registered protocol family 17
Mar 15 23:04:09 localhost kernel: mpls_gso: MPLS GSO support
Mar 15 23:04:09 localhost kernel: mce: Using 0 MCE banks
Mar 15 23:04:09 localhost kernel: Loading compiled-in X.509 certificates
Mar 15 23:04:09 localhost kernel: Loaded X.509 cert 'CentOS Linux kpatch signing key: ea0413152cde1d98ebdca3fe6f0230904c9ef717'
Mar 15 23:04:09 localhost kernel: Loaded X.509 cert 'CentOS Linux Driver update signing key: 7f421ee0ab69461574bb358861dbe77762a4201b'
Mar 15 23:04:09 localhost kernel: Loaded X.509 cert 'CentOS Linux kernel signing key: e1fdb0e2a7e861a1d1ca80a23dcf0dba3aa4adf5'
Mar 15 23:04:09 localhost kernel: registered taskstats version 1
Mar 15 23:04:09 localhost kernel: page_owner is disabled
Mar 15 23:04:09 localhost kernel: Key type trusted registered
Mar 15 23:04:09 localhost kernel: Key type encrypted registered
Mar 15 23:04:09 localhost kernel: IMA: No TPM chip found, activating TPM-bypass! (rc=-19)
Mar 15 23:04:09 localhost kernel: BERT: Boot Error Record Table support is disabled. Enable it by using bert_enable as kernel parameter.
Mar 15 23:04:09 localhost kernel:  Magic number: 15:12:58
Mar 15 23:04:09 localhost kernel: rtc_cmos rtc_cmos: setting system clock to 2023-03-16 03:04:09 UTC (1678935849)
Mar 15 23:04:09 localhost kernel: Freeing unused kernel memory: 1984k freed
Mar 15 23:04:09 localhost kernel: Write protecting the kernel read-only data: 12288k
Mar 15 23:04:09 localhost kernel: Freeing unused kernel memory: 392k freed
Mar 15 23:04:09 localhost kernel: Freeing unused kernel memory: 536k freed
Mar 15 23:04:09 localhost kernel: random: systemd: uninitialized urandom read (16 bytes read)
Mar 15 23:04:09 localhost kernel: random: systemd: uninitialized urandom read (16 bytes read)
Mar 15 23:04:09 localhost kernel: random: systemd: uninitialized urandom read (16 bytes read)
Mar 15 23:04:09 localhost systemd[1]: systemd 219 running in system mode. (+PAM +AUDIT +SELINUX +IMA -APPARMOR +SMACK +SYSVINIT +UTMP +LIBCRYPTSETUP +GCRYPT +GNUTLS +ACL +XZ +LZ4 -SECCOMP +BLKID +ELFUTILS +KMOD +IDN)
Mar 15 23:04:09 localhost systemd[1]: Detected virtualization kvm.
Mar 15 23:04:09 localhost systemd[1]: Detected architecture x86-64.
Mar 15 23:04:09 localhost systemd[1]: Running in initial RAM disk.
Mar 15 23:04:09 localhost systemd[1]: Set hostname to <localhost.localdomain>.
Mar 15 23:04:09 localhost kernel: random: systemd: uninitialized urandom read (16 bytes read)
Mar 15 23:04:09 localhost kernel: random: systemd: uninitialized urandom read (16 bytes read)
Mar 15 23:04:09 localhost kernel: random: systemd: uninitialized urandom read (16 bytes read)
Mar 15 23:04:09 localhost kernel: random: systemd: uninitialized urandom read (16 bytes read)
Mar 15 23:04:09 localhost kernel: random: systemd: uninitialized urandom read (16 bytes read)
Mar 15 23:04:09 localhost kernel: random: systemd: uninitialized urandom read (16 bytes read)
Mar 15 23:04:09 localhost kernel: random: systemd: uninitialized urandom read (16 bytes read)
Mar 15 23:04:09 localhost systemd[1]: Reached target Timers.
Mar 15 23:04:09 localhost systemd[1]: Created slice Root Slice.
Mar 15 23:04:09 localhost systemd[1]: Listening on udev Control Socket.
Mar 15 23:04:09 localhost systemd[1]: Created slice System Slice.
Mar 15 23:04:09 localhost systemd[1]: Listening on Journal Socket.
Mar 15 23:04:09 localhost systemd[1]: Starting Setup Virtual Console...
Mar 15 23:04:09 localhost systemd[1]: Starting Journal Service...
Mar 15 23:04:09 localhost systemd[1]: Starting Load Kernel Modules...
Mar 15 23:04:09 localhost systemd[1]: Reached target Slices.
Mar 15 23:04:09 localhost systemd[1]: Reached target Local File Systems.
Mar 15 23:04:09 localhost systemd[1]: Starting Create list of required static device nodes for the current kernel...
Mar 15 23:04:09 localhost systemd[1]: Listening on udev Kernel Socket.
Mar 15 23:04:09 localhost systemd[1]: Reached target Sockets.
Mar 15 23:04:09 localhost systemd[1]: Starting dracut cmdline hook...
Mar 15 23:04:09 localhost systemd[1]: Reached target Swap.
Mar 15 23:04:09 localhost systemd[1]: Started Create list of required static device nodes for the current kernel.
Mar 15 23:04:09 localhost systemd[1]: Starting Create Static Device Nodes in /dev...
Mar 15 23:04:09 localhost journal: Journal started
Mar 15 23:04:09 localhost systemd[1]: Started Journal Service.
Mar 15 23:04:09 localhost systemd-modules-load: Inserted module 'fuse'
Mar 15 23:04:09 localhost systemd: Started Load Kernel Modules.
Mar 15 23:04:09 localhost systemd: Started Create Static Device Nodes in /dev.
Mar 15 23:04:09 localhost systemd: Starting Apply Kernel Variables...
Mar 15 23:04:09 localhost systemd: Started Apply Kernel Variables.
Mar 15 23:04:09 localhost kernel: fuse init (API version 7.23)
Mar 15 23:04:09 localhost systemd: Started dracut cmdline hook.
Mar 15 23:04:09 localhost systemd: Starting dracut pre-udev hook...
Mar 15 23:04:09 localhost systemd: Started Setup Virtual Console.
Mar 15 23:04:09 localhost kernel: device-mapper: uevent: version 1.0.3
Mar 15 23:04:09 localhost kernel: device-mapper: ioctl: 4.37.1-ioctl (2018-04-03) initialised: dm-devel@redhat.com
Mar 15 23:04:09 localhost systemd: Started dracut pre-udev hook.
Mar 15 23:04:09 localhost systemd: Starting udev Kernel Device Manager...
Mar 15 23:04:09 localhost systemd-udevd: starting version 219
Mar 15 23:04:09 localhost systemd: Started udev Kernel Device Manager.
Mar 15 23:04:09 localhost systemd: Starting udev Coldplug all Devices...
Mar 15 23:04:09 localhost systemd: Mounting Configuration File System...
Mar 15 23:04:09 localhost systemd: Mounted Configuration File System.
Mar 15 23:04:09 localhost systemd: Started udev Coldplug all Devices.
Mar 15 23:04:09 localhost systemd: Starting Show Plymouth Boot Screen...
Mar 15 23:04:09 localhost systemd: Starting dracut initqueue hook...
Mar 15 23:04:09 localhost systemd: Reached target System Initialization.
Mar 15 23:04:09 localhost kernel: e1000: Intel(R) PRO/1000 Network Driver - version 7.3.21-k8-NAPI
Mar 15 23:04:09 localhost kernel: e1000: Copyright (c) 1999-2006 Intel Corporation.
Mar 15 23:04:09 localhost kernel: psmouse serio1: alps: Unknown ALPS touchpad: E7=10 00 64, EC=10 00 64
Mar 15 23:04:09 localhost kernel: input: ImExPS/2 Generic Explorer Mouse as /devices/platform/i8042/serio1/input/input3
Mar 15 23:04:09 localhost systemd: Started Show Plymouth Boot Screen.
Mar 15 23:04:09 localhost systemd: Reached target Paths.
Mar 15 23:04:09 localhost systemd: Started Forward Password Requests to Plymouth Directory Watch.
Mar 15 23:04:09 localhost systemd: Reached target Basic System.
Mar 15 23:04:10 localhost kernel: e1000 0000:00:03.0 eth0: (PCI:33MHz:32-bit) 08:00:27:52:49:33
Mar 15 23:04:10 localhost kernel: e1000 0000:00:03.0 eth0: Intel(R) PRO/1000 Network Connection
Mar 15 23:04:10 localhost kernel: e1000 0000:00:08.0 eth1: (PCI:33MHz:32-bit) 08:00:27:ef:1c:68
Mar 15 23:04:10 localhost kernel: e1000 0000:00:08.0 eth1: Intel(R) PRO/1000 Network Connection
Mar 15 23:04:10 localhost kernel: scsi host0: ata_piix
Mar 15 23:04:10 localhost kernel: scsi host1: ata_piix
Mar 15 23:04:10 localhost kernel: ata1: PATA max UDMA/33 cmd 0x1f0 ctl 0x3f6 bmdma 0xd000 irq 14
Mar 15 23:04:10 localhost kernel: ata2: PATA max UDMA/33 cmd 0x170 ctl 0x376 bmdma 0xd008 irq 15
Mar 15 23:04:10 localhost kernel: ahci 0000:00:0d.0: SSS flag set, parallel bus scan disabled
Mar 15 23:04:10 localhost kernel: ahci 0000:00:0d.0: AHCI 0001.0100 32 slots 1 ports 3 Gbps 0x1 impl SATA mode
Mar 15 23:04:10 localhost kernel: ahci 0000:00:0d.0: flags: 64bit ncq stag only ccc 
Mar 15 23:04:10 localhost kernel: scsi host2: ahci
Mar 15 23:04:10 localhost kernel: ata3: SATA max UDMA/133 abar m8192@0xf0842000 port 0xf0842100 irq 21
Mar 15 23:04:10 localhost kernel: [drm] DMA map mode: Keeping DMA mappings.
Mar 15 23:04:10 localhost kernel: [drm] Capabilities:
Mar 15 23:04:10 localhost kernel: [drm]   Rect copy.
Mar 15 23:04:10 localhost kernel: [drm]   Cursor.
Mar 15 23:04:10 localhost kernel: [drm]   Cursor bypass.
Mar 15 23:04:10 localhost kernel: [drm]   Cursor bypass 2.
Mar 15 23:04:10 localhost kernel: [drm]   Alpha cursor.
Mar 15 23:04:10 localhost kernel: [drm]   Extended Fifo.
Mar 15 23:04:10 localhost kernel: [drm]   Pitchlock.
Mar 15 23:04:10 localhost kernel: [drm]   Irq mask.
Mar 15 23:04:10 localhost kernel: [drm]   GMR.
Mar 15 23:04:10 localhost kernel: [drm]   Traces.
Mar 15 23:04:10 localhost kernel: [drm]   GMR2.
Mar 15 23:04:10 localhost kernel: [drm]   Screen Object 2.
Mar 15 23:04:10 localhost kernel: [drm]   Command Buffers.
Mar 15 23:04:10 localhost kernel: [drm] Max GMR ids is 8192
Mar 15 23:04:10 localhost kernel: [drm] Max number of GMR pages is 1048576
Mar 15 23:04:10 localhost kernel: [drm] Max dedicated hypervisor surface memory is 507904 kiB
Mar 15 23:04:10 localhost kernel: [drm] Maximum display memory size is 16384 kiB
Mar 15 23:04:10 localhost kernel: [drm] VRAM at 0xe0000000 size is 16384 kiB
Mar 15 23:04:10 localhost kernel: [drm] MMIO at 0xf0000000 size is 2048 kiB
Mar 15 23:04:10 localhost kernel: [TTM] Zone  kernel: Available graphics memory: 940964 kiB
Mar 15 23:04:10 localhost kernel: [TTM] Initializing pool allocator
Mar 15 23:04:10 localhost kernel: [TTM] Initializing DMA pool allocator
Mar 15 23:04:10 localhost kernel: [drm] Supports vblank timestamp caching Rev 2 (21.10.2013).
Mar 15 23:04:10 localhost kernel: [drm] No driver support for vblank timestamp query.
Mar 15 23:04:10 localhost kernel: [drm] Screen Objects Display Unit initialized
Mar 15 23:04:10 localhost kernel: [drm] width 720
Mar 15 23:04:10 localhost kernel: [drm] height 400
Mar 15 23:04:10 localhost kernel: [drm] bpp 32
Mar 15 23:04:10 localhost kernel: [drm] Fifo max 0x00200000 min 0x00001000 cap 0x00000355
Mar 15 23:04:10 localhost kernel: [drm] Using command buffers with DMA pool.
Mar 15 23:04:10 localhost kernel: [drm] DX: no.
Mar 15 23:04:10 localhost kernel: [drm] Atomic: yes.
Mar 15 23:04:10 localhost kernel: [drm] SM4_1: no.
Mar 15 23:04:10 localhost kernel: [drm:vmw_host_log [vmwgfx]] *ERROR* Failed to send host log message.
Mar 15 23:04:10 localhost kernel: [drm:vmw_host_log [vmwgfx]] *ERROR* Failed to send host log message.
Mar 15 23:04:10 localhost kernel: fbcon: svgadrmfb (fb0) is primary device
Mar 15 23:04:10 localhost kernel: Console: switching to colour frame buffer device 100x37
Mar 15 23:04:10 localhost kernel: [drm] Initialized vmwgfx 2.15.0 20180704 for 0000:00:02.0 on minor 0
Mar 15 23:04:10 localhost kernel: ata2.00: ATAPI: VBOX CD-ROM, 1.0, max UDMA/133
Mar 15 23:04:10 localhost kernel: ata2.00: configured for UDMA/33
Mar 15 23:04:10 localhost kernel: scsi 1:0:0:0: CD-ROM            VBOX     CD-ROM           1.0  PQ: 0 ANSI: 5
Mar 15 23:04:11 localhost kernel: ata3: SATA link up 3.0 Gbps (SStatus 123 SControl 300)
Mar 15 23:04:11 localhost kernel: ata3.00: ATA-6: VBOX HARDDISK, 1.0, max UDMA/133
Mar 15 23:04:11 localhost kernel: ata3.00: 62914560 sectors, multi 128: LBA48 NCQ (depth 31/32)
Mar 15 23:04:11 localhost kernel: ata3.00: configured for UDMA/133
Mar 15 23:04:11 localhost kernel: scsi 2:0:0:0: Direct-Access     ATA      VBOX HARDDISK    1.0  PQ: 0 ANSI: 5
Mar 15 23:04:11 localhost kernel: sd 2:0:0:0: [sda] 62914560 512-byte logical blocks: (32.2 GB/30.0 GiB)
Mar 15 23:04:11 localhost kernel: sd 2:0:0:0: [sda] Write Protect is off
Mar 15 23:04:11 localhost kernel: sd 2:0:0:0: [sda] Write cache: enabled, read cache: enabled, doesn't support DPO or FUA
Mar 15 23:04:11 localhost kernel: sda: sda1 sda2
Mar 15 23:04:11 localhost kernel: sd 2:0:0:0: [sda] Attached SCSI disk
Mar 15 23:04:11 localhost kernel: sr 1:0:0:0: [sr0] scsi3-mmc drive: 32x/32x xa/form2 tray
Mar 15 23:04:11 localhost kernel: cdrom: Uniform CD-ROM driver Revision: 3.20
Mar 15 23:04:11 localhost kernel: random: fast init done
Mar 15 23:04:11 localhost systemd: Found device /dev/mapper/centos-root.
Mar 15 23:04:11 localhost systemd: Starting File System Check on /dev/mapper/centos-root...
Mar 15 23:04:11 localhost systemd-fsck: /sbin/fsck.xfs: XFS file system.
Mar 15 23:04:11 localhost systemd: Started File System Check on /dev/mapper/centos-root.
Mar 15 23:04:11 localhost systemd: Started dracut initqueue hook.
Mar 15 23:04:11 localhost systemd: Reached target Remote File Systems (Pre).
Mar 15 23:04:11 localhost systemd: Reached target Remote File Systems.
Mar 15 23:04:11 localhost systemd: Mounting /sysroot...
Mar 15 23:04:11 localhost kernel: SGI XFS with ACLs, security attributes, no debug enabled
Mar 15 23:04:11 localhost kernel: XFS (dm-0): Mounting V5 Filesystem
Mar 15 23:04:11 localhost kernel: XFS (dm-0): Ending clean mount
Mar 15 23:04:11 localhost systemd: Mounted /sysroot.
Mar 15 23:04:11 localhost systemd: Reached target Initrd Root File System.
Mar 15 23:04:11 localhost systemd: Starting Reload Configuration from the Real Root...
Mar 15 23:04:11 localhost systemd: Reloading.
Mar 15 23:04:11 localhost systemd: Started Reload Configuration from the Real Root.
Mar 15 23:04:11 localhost systemd: Reached target Initrd File Systems.
Mar 15 23:04:11 localhost systemd: Reached target Initrd Default Target.
Mar 15 23:04:11 localhost systemd: Starting dracut pre-pivot and cleanup hook...
Mar 15 23:04:12 localhost systemd: Started dracut pre-pivot and cleanup hook.
Mar 15 23:04:12 localhost systemd: Starting Cleaning Up and Shutting Down Daemons...
Mar 15 23:04:12 localhost systemd: Stopped target Timers.
Mar 15 23:04:12 localhost systemd: Starting Plymouth switch root service...
Mar 15 23:04:12 localhost systemd: Stopped dracut pre-pivot and cleanup hook.
Mar 15 23:04:12 localhost systemd: Stopped target Initrd Default Target.
Mar 15 23:04:12 localhost systemd: Stopped target Remote File Systems.
Mar 15 23:04:12 localhost systemd: Stopped target Basic System.
Mar 15 23:04:12 localhost systemd: Stopped target Slices.
Mar 15 23:04:12 localhost systemd: Stopped target Sockets.
Mar 15 23:04:12 localhost systemd: Stopped target System Initialization.
Mar 15 23:04:12 localhost systemd: Stopped target Swap.
Mar 15 23:04:12 localhost systemd: Stopped target Local File Systems.
Mar 15 23:04:12 localhost systemd: Stopped target Paths.
Mar 15 23:04:12 localhost systemd: Stopped Apply Kernel Variables.
Mar 15 23:04:12 localhost systemd: Stopping udev Kernel Device Manager...
Mar 15 23:04:12 localhost systemd: Stopped Load Kernel Modules.
Mar 15 23:04:12 localhost systemd: Stopped target Remote File Systems (Pre).
Mar 15 23:04:12 localhost systemd: Stopped dracut initqueue hook.
Mar 15 23:04:12 localhost systemd: Stopped udev Coldplug all Devices.
Mar 15 23:04:12 localhost systemd: Stopped udev Kernel Device Manager.
Mar 15 23:04:12 localhost systemd: Stopped Create Static Device Nodes in /dev.
Mar 15 23:04:12 localhost systemd: Stopped Create list of required static device nodes for the current kernel.
Mar 15 23:04:12 localhost systemd: Stopped dracut pre-udev hook.
Mar 15 23:04:12 localhost systemd: Stopped dracut cmdline hook.
Mar 15 23:04:12 localhost systemd: Closed udev Kernel Socket.
Mar 15 23:04:12 localhost systemd: Closed udev Control Socket.
Mar 15 23:04:12 localhost systemd: Starting Cleanup udevd DB...
Mar 15 23:04:12 localhost systemd: Started Cleaning Up and Shutting Down Daemons.
Mar 15 23:04:12 localhost systemd: Started Cleanup udevd DB.
Mar 15 23:04:12 localhost systemd: Reached target Switch Root.
Mar 15 23:04:12 localhost systemd: Started Plymouth switch root service.
Mar 15 23:04:12 localhost systemd: Starting Switch Root...
Mar 15 23:04:12 localhost systemd: Switching root.
Mar 15 23:04:12 localhost journal: Journal stopped
Mar 15 23:04:12 localhost journal: Runtime journal is using 8.0M (max allowed 91.8M, trying to leave 137.8M free of 910.8M available → current limit 91.8M).
Mar 15 23:04:12 localhost systemd-journald[96]: Received SIGTERM from PID 1 (systemd).
Mar 15 23:04:12 localhost kernel: type=1404 audit(1678935852.112:2): enforcing=1 old_enforcing=0 auid=4294967295 ses=4294967295
Mar 15 23:04:12 localhost kernel: type=1403 audit(1678935852.194:3): policy loaded auid=4294967295 ses=4294967295
Mar 15 23:04:12 localhost systemd[1]: Successfully loaded SELinux policy in 87.243ms.
Mar 15 23:04:12 localhost kernel: ip_tables: (C) 2000-2006 Netfilter Core Team
Mar 15 23:04:12 localhost systemd[1]: Inserted module 'ip_tables'
Mar 15 23:04:12 localhost systemd[1]: Relabelled /dev, /run and /sys/fs/cgroup in 5.821ms.
Mar 15 23:04:12 localhost journal: Journal started
Mar 15 23:04:12 localhost systemd: systemd 219 running in system mode. (+PAM +AUDIT +SELINUX +IMA -APPARMOR +SMACK +SYSVINIT +UTMP +LIBCRYPTSETUP +GCRYPT +GNUTLS +ACL +XZ +LZ4 -SECCOMP +BLKID +ELFUTILS +KMOD +IDN)
Mar 15 23:04:12 localhost systemd: Detected virtualization kvm.
Mar 15 23:04:12 localhost systemd: Detected architecture x86-64.
Mar 15 23:04:12 localhost systemd: Set hostname to <localhost.localdomain>.
Mar 15 23:04:12 localhost systemd: Started Read and set NIS domainname from /etc/sysconfig/network.
Mar 15 23:04:12 localhost systemd: Started Create list of required static device nodes for the current kernel.
Mar 15 23:04:12 localhost systemd: Started Load Kernel Modules.
Mar 15 23:04:12 localhost systemd: Started Remount Root and Kernel File Systems.
Mar 15 23:04:12 localhost systemd: Starting Configure read-only root support...
Mar 15 23:04:12 localhost systemd: Starting Rebuild Hardware Database...
Mar 15 23:04:12 localhost systemd: Mounting FUSE Control File System...
Mar 15 23:04:12 localhost systemd: Starting Apply Kernel Variables...
Mar 15 23:04:12 localhost systemd: Starting Create Static Device Nodes in /dev...
Mar 15 23:04:12 localhost systemd: Starting Flush Journal to Persistent Storage...
Mar 15 23:04:12 localhost systemd: Started LVM2 metadata daemon.
Mar 15 23:04:12 localhost systemd: Mounted FUSE Control File System.
Mar 15 23:04:12 localhost systemd: Started Apply Kernel Variables.
Mar 15 23:04:12 localhost systemd: Started Flush Journal to Persistent Storage.
Mar 15 23:04:12 localhost systemd: Started Configure read-only root support.
Mar 15 23:04:12 localhost systemd: Starting Load/Save Random Seed...
Mar 15 23:04:12 localhost systemd: Started Load/Save Random Seed.
Mar 15 23:04:12 localhost systemd: Started Create Static Device Nodes in /dev.
Mar 15 23:04:12 localhost systemd: Starting udev Kernel Device Manager...
Mar 15 23:04:12 localhost systemd-udevd: starting version 219
Mar 15 23:04:12 localhost systemd: Started udev Kernel Device Manager.
Mar 15 23:04:12 localhost systemd: Started Rebuild Hardware Database.
Mar 15 23:04:12 localhost systemd: Starting udev Coldplug all Devices...
Mar 15 23:04:12 localhost systemd: Started udev Coldplug all Devices.
Mar 15 23:04:12 localhost systemd: Starting udev Wait for Complete Device Initialization...
Mar 15 23:04:12 localhost kernel: ACPI: Video Device [GFX0] (multi-head: yes  rom: no  post: no)
Mar 15 23:04:12 localhost kernel: input: Video Bus as /devices/LNXSYSTM:00/device:00/PNP0A03:00/LNXVIDEO:00/input/input4
Mar 15 23:04:12 localhost kernel: random: crng init done
Mar 15 23:04:12 localhost kernel: piix4_smbus 0000:00:07.0: SMBus Host Controller at 0x4100, revision 0
Mar 15 23:04:12 localhost kernel: input: PC Speaker as /devices/platform/pcspkr/input/input5
Mar 15 23:04:12 localhost kernel: sr 1:0:0:0: Attached scsi generic sg0 type 5
Mar 15 23:04:12 localhost kernel: sd 2:0:0:0: Attached scsi generic sg1 type 0
Mar 15 23:04:12 localhost kernel: cryptd: max_cpu_qlen set to 1000
Mar 15 23:04:12 localhost kernel: SSE version of gcm_enc/dec engaged.
Mar 15 23:04:12 localhost systemd: Created slice system-lvm2\x2dpvscan.slice.
Mar 15 23:04:12 localhost systemd: Starting LVM2 PV scan on device 8:2...
Mar 15 23:04:12 localhost systemd: Found device VBOX_HARDDISK 1.
Mar 15 23:04:13 localhost lvm: 2 logical volume(s) in volume group "centos" monitored
Mar 15 23:04:13 localhost systemd: Started Monitoring of LVM2 mirrors, snapshots etc. using dmeventd or progress polling.
Mar 15 23:04:13 localhost systemd: Reached target Local File Systems (Pre).
Mar 15 23:04:13 localhost systemd: Mounting /boot...
Mar 15 23:04:13 localhost systemd: Found device /dev/mapper/centos-swap.
Mar 15 23:04:13 localhost systemd: Activating swap /dev/mapper/centos-swap...
Mar 15 23:04:13 localhost kernel: ppdev: user-space parallel port driver
Mar 15 23:04:13 localhost lvm: pvscan[580] VG centos run autoactivation.
Mar 15 23:04:13 localhost kernel: alg: No test for __gcm-aes-aesni (__driver-gcm-aes-aesni)
Mar 15 23:04:13 localhost kernel: alg: No test for __generic-gcm-aes-aesni (__driver-generic-gcm-aes-aesni)
Mar 15 23:04:13 localhost kernel: Adding 2097148k swap on /dev/mapper/centos-swap.  Priority:-2 extents:1 across:2097148k FS
Mar 15 23:04:13 localhost systemd: Activated swap /dev/mapper/centos-swap.
Mar 15 23:04:13 localhost systemd: Reached target Swap.
Mar 15 23:04:13 localhost kernel: XFS (sda1): Mounting V5 Filesystem
Mar 15 23:04:13 localhost lvm: 2 logical volume(s) in volume group "centos" now active
Mar 15 23:04:13 localhost systemd: Started LVM2 PV scan on device 8:2.
Mar 15 23:04:13 localhost kernel: snd_intel8x0 0000:00:05.0: white list rate for 1028:0177 is 48000
Mar 15 23:04:13 localhost kernel: XFS (sda1): Ending clean mount
Mar 15 23:04:13 localhost systemd: Mounted /boot.
Mar 15 23:04:16 localhost kernel: floppy0: no floppy controllers found
Mar 15 23:04:16 localhost kernel: work still pending
Mar 15 23:04:16 localhost systemd: Started udev Wait for Complete Device Initialization.
Mar 15 23:04:16 localhost systemd: Starting Activation of DM RAID sets...
Mar 15 23:04:16 localhost systemd: Started Activation of DM RAID sets.
Mar 15 23:04:16 localhost systemd: Reached target Local File Systems.
Mar 15 23:04:16 localhost systemd: Starting Rebuild Journal Catalog...
Mar 15 23:04:16 localhost systemd: Starting Migrate local SELinux policy changes from the old store structure to the new structure...
Mar 15 23:04:16 localhost systemd: Starting Tell Plymouth To Write Out Runtime Data...
Mar 15 23:04:16 localhost systemd: Starting Import network configuration from initramfs...
Mar 15 23:04:16 localhost systemd: Starting Preprocess NFS configuration...
Mar 15 23:04:16 localhost systemd: Reached target Local Encrypted Volumes.
Mar 15 23:04:16 localhost systemd: Started Rebuild Journal Catalog.
Mar 15 23:04:16 localhost systemd: Starting Update is Completed...
Mar 15 23:04:16 localhost systemd: Started Preprocess NFS configuration.
Mar 15 23:04:16 localhost systemd: Started Update is Completed.
Mar 15 23:04:16 localhost systemd: Started Migrate local SELinux policy changes from the old store structure to the new structure.
Mar 15 23:04:16 localhost systemd: Started Import network configuration from initramfs.
Mar 15 23:04:16 localhost systemd: Starting Create Volatile Files and Directories...
Mar 15 23:04:16 localhost systemd: Received SIGRTMIN+20 from PID 275 (plymouthd).
Mar 15 23:04:16 localhost systemd: Started Create Volatile Files and Directories.
Mar 15 23:04:16 localhost systemd: Started Tell Plymouth To Write Out Runtime Data.
Mar 15 23:04:16 localhost systemd: Mounting RPC Pipe File System...
Mar 15 23:04:16 localhost systemd: Starting Security Auditing Service...
Mar 15 23:04:16 localhost auditd[685]: Started dispatcher: /sbin/audispd pid: 687
Mar 15 23:04:16 localhost kernel: type=1305 audit(1678935856.879:4): audit_pid=685 old=0 auid=4294967295 ses=4294967295 subj=system_u:system_r:auditd_t:s0 res=1
Mar 15 23:04:16 localhost audispd: audispd initialized with q_depth=250 and 1 active plugins
Mar 15 23:04:16 localhost kernel: RPC: Registered named UNIX socket transport module.
Mar 15 23:04:16 localhost kernel: RPC: Registered udp transport module.
Mar 15 23:04:16 localhost kernel: RPC: Registered tcp transport module.
Mar 15 23:04:16 localhost kernel: RPC: Registered tcp NFSv4.1 backchannel transport module.
Mar 15 23:04:16 localhost systemd: Mounted RPC Pipe File System.
Mar 15 23:04:16 localhost systemd: Reached target rpc_pipefs.target.
Mar 15 23:04:16 localhost auditd[685]: Init complete, auditd 2.8.5 listening for events (startup state enable)
Mar 15 23:04:17 localhost augenrules: No rules
Mar 15 23:04:17 localhost augenrules: enabled 1
Mar 15 23:04:17 localhost augenrules: failure 1
Mar 15 23:04:17 localhost augenrules: pid 685
Mar 15 23:04:17 localhost augenrules: rate_limit 0
Mar 15 23:04:17 localhost augenrules: backlog_limit 8192
Mar 15 23:04:17 localhost augenrules: lost 0
Mar 15 23:04:17 localhost augenrules: backlog 1
Mar 15 23:04:17 localhost augenrules: enabled 1
Mar 15 23:04:17 localhost augenrules: failure 1
Mar 15 23:04:17 localhost augenrules: pid 685
Mar 15 23:04:17 localhost augenrules: rate_limit 0
Mar 15 23:04:17 localhost augenrules: backlog_limit 8192
Mar 15 23:04:17 localhost augenrules: lost 0
Mar 15 23:04:17 localhost augenrules: backlog 1
Mar 15 23:04:17 localhost systemd: Started Security Auditing Service.
Mar 15 23:04:17 localhost systemd: Starting Update UTMP about System Boot/Shutdown...
Mar 15 23:04:17 localhost systemd: Started Update UTMP about System Boot/Shutdown.
Mar 15 23:04:17 localhost systemd: Reached target System Initialization.
Mar 15 23:04:17 localhost systemd: Listening on Open-iSCSI iscsiuio Socket.
Mar 15 23:04:17 localhost systemd: Listening on Avahi mDNS/DNS-SD Stack Activation Socket.
Mar 15 23:04:17 localhost systemd: Listening on D-Bus System Message Bus Socket.
Mar 15 23:04:17 localhost systemd: Listening on CUPS Printing Service Sockets.
Mar 15 23:04:17 localhost systemd: Listening on Open-iSCSI iscsid Socket.
Mar 15 23:04:17 localhost systemd: Started daily update of the root trust anchor for DNSSEC.
Mar 15 23:04:17 localhost systemd: Listening on RPCbind Server Activation Socket.
Mar 15 23:04:17 localhost systemd: Starting RPC bind service...
Mar 15 23:04:17 localhost systemd: Started Daily Cleanup of Temporary Directories.
Mar 15 23:04:17 localhost systemd: Reached target Timers.
Mar 15 23:04:17 localhost systemd: Listening on Virtual machine lock manager socket.
Mar 15 23:04:17 localhost systemd: Started CUPS Printer Service Spool.
Mar 15 23:04:17 localhost systemd: Reached target Paths.
Mar 15 23:04:17 localhost systemd: Listening on Virtual machine log manager socket.
Mar 15 23:04:17 localhost systemd: Reached target Sockets.
Mar 15 23:04:17 localhost systemd: Reached target Basic System.
Mar 15 23:04:17 localhost systemd: Starting GSSAPI Proxy Daemon...
Mar 15 23:04:17 localhost systemd: Starting Login Service...
Mar 15 23:04:17 localhost systemd: Starting Kernel Samepage Merging...
Mar 15 23:04:17 localhost systemd: Starting Disk Manager...
Mar 15 23:04:17 localhost systemd: Starting Modem Manager...
Mar 15 23:04:17 localhost systemd: Starting Resets System Activity Logs...
Mar 15 23:04:17 localhost systemd: Started Hardware RNG Entropy Gatherer Daemon.
Mar 15 23:04:17 localhost systemd: Starting RealtimeKit Scheduling Policy Service...
Mar 15 23:04:17 localhost systemd: Starting Dump dmesg to /var/log/dmesg...
Mar 15 23:04:17 localhost systemd: Started ABRT Automated Bug Reporting Tool.
Mar 15 23:04:17 localhost systemd: Started irqbalance daemon.
Mar 15 23:04:17 localhost systemd: Starting OpenSSH Server Key Generation...
Mar 15 23:04:17 localhost systemd: Starting Machine Check Exception Logging Daemon...
Mar 15 23:04:17 localhost systemd: Starting Virtual Machine and Container Registration Service...
Mar 15 23:04:17 localhost systemd: Starting Authorization Manager...
Mar 15 23:04:17 localhost systemd: Starting VDO volume services...
Mar 15 23:04:17 localhost systemd: Started Manage Sound Card State (restore and store).
Mar 15 23:04:17 localhost systemd: Starting Accounts Service...
Mar 15 23:04:17 localhost systemd: Reached target Sound Card.
Mar 15 23:04:17 localhost systemd: Started D-Bus System Message Bus.
Mar 15 23:04:17 localhost alsactl[733]: alsactl 1.1.8 daemon started
Mar 15 23:04:17 localhost alsactl[733]: /usr/sbin/alsactl: load_state:1683Cannot open /var/lib/alsa/asound.state for reading: No such file or directory
Mar 15 23:04:17 localhost alsactl: Found hardware: "ICH" "Analog Devices AD1980" "AC97a:41445370" "0x1028" "0x0177"
Mar 15 23:04:17 localhost alsactl: Hardware is initialized using a generic method
Mar 15 23:04:17 localhost ModemManager[720]: <info>  ModemManager (version 1.6.10-4.el7) starting in system bus...
Mar 15 23:04:17 localhost mcelog: Family 6 Model 151 CPU: only decoding architectural errors
Mar 15 23:04:17 localhost polkitd[730]: Started polkitd version 0.112
Mar 15 23:04:17 localhost rngd: Initalizing available sources
Mar 15 23:04:17 localhost rngd: Failed to init entropy source 0: Hardware RNG Device
Mar 15 23:04:17 localhost rngd: Enabling RDSEED rng support
Mar 15 23:04:17 localhost rngd: Initalizing entropy source Intel RDRAND Instruction RNG
Mar 15 23:04:17 localhost abrtd: Init complete, entering main loop
Mar 15 23:04:17 localhost journal: udisks daemon version 2.8.4 starting
Mar 15 23:04:17 localhost systemd: Started RealtimeKit Scheduling Policy Service.
Mar 15 23:04:17 localhost systemd: Starting Install ABRT coredump hook...
Mar 15 23:04:17 localhost systemd: Started ABRT kernel log watcher.
Mar 15 23:04:17 localhost systemd: Starting Avahi mDNS/DNS-SD Stack...
Mar 15 23:04:17 localhost systemd: Starting Initial Setup configuration program...
Mar 15 23:04:17 localhost systemd: Starting Self Monitoring and Reporting Technology (SMART) Daemon...
Mar 15 23:04:17 localhost systemd: Started libstoragemgmt plug-in server daemon.
Mar 15 23:04:17 localhost systemd: Starting NTP client/server...
Mar 15 23:04:17 localhost systemd: Started RPC bind service.
Mar 15 23:04:17 localhost systemd: Started GSSAPI Proxy Daemon.
Mar 15 23:04:17 localhost systemd: Started Kernel Samepage Merging.
Mar 15 23:04:17 localhost avahi-daemon[771]: Found user 'avahi' (UID 70) and group 'avahi' (GID 70).
Mar 15 23:04:17 localhost dbus[735]: [system] Activating via systemd: service name='org.freedesktop.PolicyKit1' unit='polkit.service'
Mar 15 23:04:17 localhost avahi-daemon[771]: Successfully dropped root privileges.
Mar 15 23:04:17 localhost avahi-daemon[771]: avahi-daemon 0.6.31 starting up.
Mar 15 23:04:17 localhost avahi-daemon[771]: WARNING: No NSS support for mDNS detected, consider installing nss-mdns!
Mar 15 23:04:17 localhost systemd: Started Resets System Activity Logs.
Mar 15 23:04:17 localhost systemd: Started Dump dmesg to /var/log/dmesg.
Mar 15 23:04:17 localhost avahi-daemon[771]: Successfully called chroot().
Mar 15 23:04:17 localhost avahi-daemon[771]: Successfully dropped remaining capabilities.
Mar 15 23:04:17 localhost avahi-daemon[771]: No service file found in /etc/avahi/services.
Mar 15 23:04:17 localhost avahi-daemon[771]: System host name is set to 'localhost'. This is not a suitable mDNS host name, looking for alternatives.
Mar 15 23:04:17 localhost avahi-daemon[771]: Network interface enumeration completed.
Mar 15 23:04:17 localhost avahi-daemon[771]: Registering HINFO record with values 'X86_64'/'LINUX'.
Mar 15 23:04:17 localhost avahi-daemon[771]: Server startup complete. Host name is linux.local. Local service cookie is 847529360.
Mar 15 23:04:17 localhost systemd: Received SIGRTMIN+21 from PID 772 (n/a).
Mar 15 23:04:17 localhost dbus[735]: [system] Successfully activated service 'org.freedesktop.PolicyKit1'
Mar 15 23:04:17 localhost mcelog: Family 6 Model 151 CPU: only decoding architectural errors
Mar 15 23:04:17 localhost accounts-daemon[734]: started daemon version 0.6.50
Mar 15 23:04:17 localhost systemd: Started Machine Check Exception Logging Daemon.
Mar 15 23:04:17 localhost systemd: Started Modem Manager.
Mar 15 23:04:17 localhost chronyd[792]: chronyd version 3.4 starting (+CMDMON +NTP +REFCLOCK +RTC +PRIVDROP +SCFILTER +SIGND +ASYNCDNS +SECHASH +IPV6 +DEBUG)
Mar 15 23:04:17 localhost systemd: Received SIGRTMIN+21 from PID 275 (plymouthd).
Mar 15 23:04:17 localhost systemd-logind: New seat seat0.
Mar 15 23:04:17 localhost systemd-logind: Watching system buttons on /dev/input/event0 (Power Button)
Mar 15 23:04:17 localhost systemd-logind: Watching system buttons on /dev/input/event1 (Sleep Button)
Mar 15 23:04:17 localhost systemd-logind: Watching system buttons on /dev/input/event4 (Video Bus)
Mar 15 23:04:17 localhost smartd[773]: smartd 7.0 2018-12-30 r4883 [x86_64-linux-3.10.0-1160.el7.x86_64] (local build)
Mar 15 23:04:17 localhost smartd[773]: Copyright (C) 2002-18, Bruce Allen, Christian Franke, www.smartmontools.org
Mar 15 23:04:17 localhost smartd[773]: Opened configuration file /etc/smartmontools/smartd.conf
Mar 15 23:04:17 localhost smartd[773]: Configuration file /etc/smartmontools/smartd.conf was parsed, found DEVICESCAN, scanning devices
Mar 15 23:04:17 localhost systemd: Started Avahi mDNS/DNS-SD Stack.
Mar 15 23:04:17 localhost smartd[773]: Device: /dev/sda, type changed from 'scsi' to 'sat'
Mar 15 23:04:17 localhost smartd[773]: Device: /dev/sda [SAT], opened
Mar 15 23:04:17 localhost smartd[773]: Device: /dev/sda [SAT], VBOX HARDDISK, S/N:VB033cce72-d4d28eda, FW:1.0, 32.2 GB
Mar 15 23:04:17 localhost systemd: Started Authorization Manager.
Mar 15 23:04:17 localhost systemd: Started Accounts Service.
Mar 15 23:04:17 localhost smartd[773]: Device: /dev/sda [SAT], not found in smartd database.
Mar 15 23:04:17 localhost smartd[773]: Device: /dev/sda [SAT], lacks SMART capability
Mar 15 23:04:17 localhost smartd[773]: Device: /dev/sda [SAT], to proceed anyway, use '-T permissive' Directive.
Mar 15 23:04:17 localhost smartd[773]: Monitoring 0 ATA/SATA, 0 SCSI/SAS and 0 NVMe devices
Mar 15 23:04:17 localhost systemd: Started Self Monitoring and Reporting Technology (SMART) Daemon.
Mar 15 23:04:17 localhost systemd: Started Install ABRT coredump hook.
Mar 15 23:04:17 localhost systemd: Started NTP client/server.
Mar 15 23:04:17 localhost systemd: Started Virtual Machine and Container Registration Service.
Mar 15 23:04:17 localhost systemd: Started Login Service.
Mar 15 23:04:17 localhost systemd: Starting firewalld - dynamic firewall daemon...
Mar 15 23:04:17 localhost systemd: Starting Kernel Samepage Merging (KSM) Tuning Daemon...
Mar 15 23:04:17 localhost systemd: Reached target NFS client services.
Mar 15 23:04:17 localhost sshd-keygen: Generating SSH2 RSA host key: [  OK  ]
Mar 15 23:04:17 localhost systemd: Started Kernel Samepage Merging (KSM) Tuning Daemon.
Mar 15 23:04:17 localhost sshd-keygen: Generating SSH2 ECDSA host key: [  OK  ]
Mar 15 23:04:17 localhost systemd: Started VDO volume services.
Mar 15 23:04:17 localhost sshd-keygen: Generating SSH2 ED25519 host key: [  OK  ]
Mar 15 23:04:17 localhost systemd: Started OpenSSH Server Key Generation.
Mar 15 23:04:17 localhost systemd: Started firewalld - dynamic firewall daemon.
Mar 15 23:04:17 localhost systemd: Reached target Network (Pre).
Mar 15 23:04:17 localhost systemd: Starting Network Manager...
Mar 15 23:04:17 localhost NetworkManager[858]: <info>  [1678935857.8881] NetworkManager (version 1.18.8-1.el7) is starting... (for the first time)
Mar 15 23:04:17 localhost NetworkManager[858]: <info>  [1678935857.8886] Read config: /etc/NetworkManager/NetworkManager.conf (lib: 10-slaves-order.conf)
Mar 15 23:04:17 localhost NetworkManager[858]: <info>  [1678935857.8981] bus-manager: acquired D-Bus service "org.freedesktop.NetworkManager"
Mar 15 23:04:17 localhost systemd: Started Network Manager.
Mar 15 23:04:17 localhost NetworkManager[858]: <info>  [1678935857.8997] manager[0x560942573030]: monitoring kernel firmware directory '/lib/firmware'.
Mar 15 23:04:17 localhost systemd: Starting Network Manager Wait Online...
Mar 15 23:04:17 localhost kernel: ip6_tables: (C) 2000-2006 Netfilter Core Team
Mar 15 23:04:17 localhost dbus[735]: [system] Activating via systemd: service name='org.freedesktop.hostname1' unit='dbus-org.freedesktop.hostname1.service'
Mar 15 23:04:17 localhost systemd: Starting Hostname Service...
Mar 15 23:04:17 localhost dbus[735]: [system] Successfully activated service 'org.freedesktop.hostname1'
Mar 15 23:04:17 localhost systemd: Started Hostname Service.
Mar 15 23:04:17 localhost NetworkManager[858]: <info>  [1678935857.9400] hostname: hostname: using hostnamed
Mar 15 23:04:17 localhost NetworkManager[858]: <info>  [1678935857.9402] hostname: hostname changed from (none) to "localhost.localdomain"
Mar 15 23:04:17 localhost NetworkManager[858]: <info>  [1678935857.9404] dns-mgr[0x560942558220]: init: dns=default,systemd-resolved rc-manager=file
Mar 15 23:04:17 localhost dbus[735]: [system] Activating via systemd: service name='org.freedesktop.nm_dispatcher' unit='dbus-org.freedesktop.nm-dispatcher.service'
Mar 15 23:04:17 localhost systemd: Starting Network Manager Script Dispatcher Service...
Mar 15 23:04:17 localhost systemd: Started Disk Manager.
Mar 15 23:04:17 localhost journal: Acquired the name org.freedesktop.UDisks2 on the system message bus
Mar 15 23:04:17 localhost dbus[735]: [system] Successfully activated service 'org.freedesktop.nm_dispatcher'
Mar 15 23:04:17 localhost systemd: Started Network Manager Script Dispatcher Service.
Mar 15 23:04:17 localhost NetworkManager[858]: <info>  [1678935857.9658] settings: Loaded settings plugin: SettingsPluginIfcfg ("/usr/lib64/NetworkManager/1.18.8-1.el7/libnm-settings-plugin-ifcfg-rh.so")
Mar 15 23:04:17 localhost NetworkManager[858]: <info>  [1678935857.9670] settings: Loaded settings plugin: NMSIbftPlugin ("/usr/lib64/NetworkManager/1.18.8-1.el7/libnm-settings-plugin-ibft.so")
Mar 15 23:04:17 localhost NetworkManager[858]: <info>  [1678935857.9670] settings: Loaded settings plugin: NMSKeyfilePlugin (internal)
Mar 15 23:04:17 localhost NetworkManager[858]: <info>  [1678935857.9686] ifcfg-rh: new connection /etc/sysconfig/network-scripts/ifcfg-enp0s3 (f1db89a0-c01f-486f-9f10-91068e2bd3bf,"enp0s3")
Mar 15 23:04:17 localhost NetworkManager[858]: <info>  [1678935857.9690] ifcfg-rh: new connection /etc/sysconfig/network-scripts/ifcfg-enp0s8 (2e21cab4-2334-470d-a11c-ac1411742242,"enp0s8")
Mar 15 23:04:17 localhost kernel: Ebtables v2.0 registered
Mar 15 23:04:17 localhost firewalld[816]: WARNING: AllowZoneDrifting is enabled. This is considered an insecure configuration option. It will be removed in a future release. Please consider disabling it now.
Mar 15 23:04:17 localhost NetworkManager[858]: <info>  [1678935857.9843] manager: rfkill: Wi-Fi enabled by radio killswitch; enabled by state file
Mar 15 23:04:17 localhost NetworkManager[858]: <info>  [1678935857.9847] manager: rfkill: WWAN enabled by radio killswitch; enabled by state file
Mar 15 23:04:17 localhost NetworkManager[858]: <info>  [1678935857.9847] manager: Networking is enabled by state file
Mar 15 23:04:17 localhost NetworkManager[858]: <info>  [1678935857.9863] dhcp-init: Using DHCP client 'dhclient'
Mar 15 23:04:17 localhost nm-dispatcher: req:1 'hostname': new request (4 scripts)
Mar 15 23:04:17 localhost nm-dispatcher: req:1 'hostname': start running ordered scripts...
Mar 15 23:04:17 localhost NetworkManager[858]: <info>  [1678935857.9879] Loaded device plugin: NMAtmManager (/usr/lib64/NetworkManager/1.18.8-1.el7/libnm-device-plugin-adsl.so)
Mar 15 23:04:17 localhost NetworkManager[858]: <info>  [1678935857.9909] Loaded device plugin: NMTeamFactory (/usr/lib64/NetworkManager/1.18.8-1.el7/libnm-device-plugin-team.so)
Mar 15 23:04:17 localhost NetworkManager[858]: <info>  [1678935857.9921] Loaded device plugin: NMWifiFactory (/usr/lib64/NetworkManager/1.18.8-1.el7/libnm-device-plugin-wifi.so)
Mar 15 23:04:17 localhost NetworkManager[858]: <info>  [1678935857.9932] device (lo): carrier: link connected
Mar 15 23:04:17 localhost NetworkManager[858]: <info>  [1678935857.9934] manager: (lo): new Generic device (/org/freedesktop/NetworkManager/Devices/1)
Mar 15 23:04:17 localhost NetworkManager[858]: <info>  [1678935857.9939] manager: (enp0s3): new Ethernet device (/org/freedesktop/NetworkManager/Devices/2)
Mar 15 23:04:17 localhost NetworkManager[858]: <info>  [1678935857.9942] device (enp0s3): state change: unmanaged -> unavailable (reason 'managed', sys-iface-state: 'external')
Mar 15 23:04:17 localhost kernel: IPv6: ADDRCONF(NETDEV_UP): enp0s3: link is not ready
Mar 15 23:04:18 localhost kernel: e1000: enp0s3 NIC Link is Up 1000 Mbps Full Duplex, Flow Control: RX
Mar 15 23:04:18 localhost kernel: IPv6: ADDRCONF(NETDEV_UP): enp0s3: link is not ready
Mar 15 23:04:18 localhost kernel: Netfilter messages via NETLINK v0.30.
Mar 15 23:04:18 localhost NetworkManager[858]: <info>  [1678935858.0159] device (enp0s3): carrier: link connected
Mar 15 23:04:18 localhost kernel: IPv6: ADDRCONF(NETDEV_CHANGE): enp0s3: link becomes ready
Mar 15 23:04:18 localhost nm-dispatcher: req:2 'connectivity-change': new request (4 scripts)
Mar 15 23:04:18 localhost NetworkManager[858]: <info>  [1678935858.0226] manager: (enp0s8): new Ethernet device (/org/freedesktop/NetworkManager/Devices/3)
Mar 15 23:04:18 localhost NetworkManager[858]: <info>  [1678935858.0233] device (enp0s8): state change: unmanaged -> unavailable (reason 'managed', sys-iface-state: 'external')
Mar 15 23:04:18 localhost kernel: IPv6: ADDRCONF(NETDEV_UP): enp0s8: link is not ready
Mar 15 23:04:18 localhost kernel: e1000: enp0s8 NIC Link is Up 1000 Mbps Full Duplex, Flow Control: RX
Mar 15 23:04:18 localhost kernel: ip_set: protocol 7
Mar 15 23:04:18 localhost nm-dispatcher: req:2 'connectivity-change': start running ordered scripts...
Mar 15 23:04:18 localhost kernel: IPv6: ADDRCONF(NETDEV_UP): enp0s8: link is not ready
Mar 15 23:04:18 localhost NetworkManager[858]: <info>  [1678935858.0556] device (enp0s8): carrier: link connected
Mar 15 23:04:18 localhost NetworkManager[858]: <info>  [1678935858.0608] device (enp0s3): state change: unavailable -> disconnected (reason 'none', sys-iface-state: 'managed')
Mar 15 23:04:18 localhost NetworkManager[858]: <info>  [1678935858.0724] device (enp0s8): state change: unavailable -> disconnected (reason 'none', sys-iface-state: 'managed')
Mar 15 23:04:18 localhost kernel: IPv6: ADDRCONF(NETDEV_UP): enp0s8: link is not ready
Mar 15 23:04:18 localhost NetworkManager[858]: <info>  [1678935858.0731] policy: auto-activating connection 'enp0s3' (f1db89a0-c01f-486f-9f10-91068e2bd3bf)
Mar 15 23:04:18 localhost NetworkManager[858]: <info>  [1678935858.0830] device (enp0s3): Activation: starting connection 'enp0s3' (f1db89a0-c01f-486f-9f10-91068e2bd3bf)
Mar 15 23:04:18 localhost NetworkManager[858]: <info>  [1678935858.0835] device (enp0s3): state change: disconnected -> prepare (reason 'none', sys-iface-state: 'managed')
Mar 15 23:04:18 localhost NetworkManager[858]: <info>  [1678935858.0837] manager: NetworkManager state is now CONNECTING
Mar 15 23:04:18 localhost NetworkManager[858]: <info>  [1678935858.0839] device (enp0s3): state change: prepare -> config (reason 'none', sys-iface-state: 'managed')
Mar 15 23:04:18 localhost kernel: nf_conntrack version 0.5.0 (16384 buckets, 65536 max)
Mar 15 23:04:18 localhost kernel: bridge: filtering via arp/ip/ip6tables is no longer available by default. Update your scripts to load br_netfilter if you need this.
Mar 15 23:04:18 localhost NetworkManager[858]: <info>  [1678935858.4642] device (enp0s3): state change: config -> ip-config (reason 'none', sys-iface-state: 'managed')
Mar 15 23:04:18 localhost NetworkManager[858]: <info>  [1678935858.4650] dhcp4 (enp0s3): activation: beginning transaction (timeout in 45 seconds)
Mar 15 23:04:18 localhost NetworkManager[858]: <info>  [1678935858.4682] dhcp4 (enp0s3): dhclient started with pid 999
Mar 15 23:04:18 localhost avahi-daemon[771]: Registering new address record for fe80::9a69:3e54:ca9:d036 on enp0s3.*.
Mar 15 23:04:18 localhost rngd: Enabling JITTER rng support
Mar 15 23:04:18 localhost rngd: Initalizing entropy source JITTER Entropy generator
Mar 15 23:04:18 localhost dhclient[999]: DHCPDISCOVER on enp0s3 to 255.255.255.255 port 67 interval 7 (xid=0x78dd8195)
Mar 15 23:04:18 localhost dhclient[999]: DHCPREQUEST on enp0s3 to 255.255.255.255 port 67 (xid=0x78dd8195)
Mar 15 23:04:18 localhost dhclient[999]: DHCPOFFER from 10.0.2.2
Mar 15 23:04:18 localhost dhclient[999]: DHCPACK from 10.0.2.2 (xid=0x78dd8195)
Mar 15 23:04:18 localhost NetworkManager[858]: <info>  [1678935858.5675] dhcp4 (enp0s3):   address 10.0.2.15
Mar 15 23:04:18 localhost NetworkManager[858]: <info>  [1678935858.5675] dhcp4 (enp0s3):   plen 24 (255.255.255.0)
Mar 15 23:04:18 localhost NetworkManager[858]: <info>  [1678935858.5675] dhcp4 (enp0s3):   gateway 10.0.2.2
Mar 15 23:04:18 localhost NetworkManager[858]: <info>  [1678935858.5676] dhcp4 (enp0s3):   lease time 86400
Mar 15 23:04:18 localhost NetworkManager[858]: <info>  [1678935858.5676] dhcp4 (enp0s3):   nameserver '10.6.15.200'
Mar 15 23:04:18 localhost NetworkManager[858]: <info>  [1678935858.5676] dhcp4 (enp0s3):   domain name 'ns2.is'
Mar 15 23:04:18 localhost NetworkManager[858]: <info>  [1678935858.5676] dhcp4 (enp0s3): state changed unknown -> bound
Mar 15 23:04:18 localhost NetworkManager[858]: <info>  [1678935858.5682] device (enp0s3): state change: ip-config -> ip-check (reason 'none', sys-iface-state: 'managed')
Mar 15 23:04:18 localhost NetworkManager[858]: <info>  [1678935858.5686] device (enp0s3): state change: ip-check -> secondaries (reason 'none', sys-iface-state: 'managed')
Mar 15 23:04:18 localhost NetworkManager[858]: <info>  [1678935858.5689] device (enp0s3): state change: secondaries -> activated (reason 'none', sys-iface-state: 'managed')
Mar 15 23:04:18 localhost NetworkManager[858]: <info>  [1678935858.5694] manager: NetworkManager state is now CONNECTED_LOCAL
Mar 15 23:04:18 localhost NetworkManager[858]: <info>  [1678935858.5698] manager: NetworkManager state is now CONNECTED_SITE
Mar 15 23:04:18 localhost NetworkManager[858]: <info>  [1678935858.5699] policy: set 'enp0s3' (enp0s3) as default for IPv4 routing and DNS
Mar 15 23:04:18 localhost avahi-daemon[771]: Joining mDNS multicast group on interface enp0s3.IPv4 with address 10.0.2.15.
Mar 15 23:04:18 localhost dhclient[999]: bound to 10.0.2.15 -- renewal in 33836 seconds.
Mar 15 23:04:18 localhost avahi-daemon[771]: New relevant interface enp0s3.IPv4 for mDNS.
Mar 15 23:04:18 localhost avahi-daemon[771]: Registering new address record for 10.0.2.15 on enp0s3.IPv4.
Mar 15 23:04:18 localhost NetworkManager[858]: <info>  [1678935858.5789] device (enp0s3): Activation: successful, device activated.
Mar 15 23:04:18 localhost nm-dispatcher: req:3 'up' [enp0s3]: new request (4 scripts)
Mar 15 23:04:18 localhost nm-dispatcher: req:3 'up' [enp0s3]: start running ordered scripts...
Mar 15 23:04:18 localhost NetworkManager[858]: <info>  [1678935858.5817] manager: NetworkManager state is now CONNECTED_GLOBAL
Mar 15 23:04:18 localhost nm-dispatcher: req:4 'connectivity-change': new request (4 scripts)
Mar 15 23:04:18 localhost NetworkManager[858]: <info>  [1678935858.5833] manager: startup complete
Mar 15 23:04:18 localhost systemd: Started Network Manager Wait Online.
Mar 15 23:04:18 localhost systemd: Starting LSB: Bring up/down networking...
Mar 15 23:04:18 localhost nm-dispatcher: req:4 'connectivity-change': start running ordered scripts...
Mar 15 23:04:18 localhost network: Bringing up loopback interface:  [  OK  ]
Mar 15 23:04:18 localhost network: Bringing up interface enp0s3:  [  OK  ]
Mar 15 23:04:18 localhost systemd: Started LSB: Bring up/down networking.
Mar 15 23:04:18 localhost systemd: Reached target Network.
Mar 15 23:04:18 localhost systemd: Starting OpenSSH server daemon...
Mar 15 23:04:18 localhost systemd: Starting Dynamic System Tuning Daemon...
Mar 15 23:04:18 localhost systemd: Starting Postfix Mail Transport Agent...
Mar 15 23:04:18 localhost systemd: Started CUPS Printing Service.
Mar 15 23:04:18 localhost systemd: Starting Logout off all iSCSI sessions on shutdown...
Mar 15 23:04:18 localhost systemd: Reached target Network is Online.
Mar 15 23:04:18 localhost systemd: Starting System Logging Service...
Mar 15 23:04:18 localhost systemd: Starting Notify NFS peers of a restart...
Mar 15 23:04:18 localhost systemd: Started Logout off all iSCSI sessions on shutdown.
Mar 15 23:04:18 localhost rsyslogd: [origin software="rsyslogd" swVersion="8.24.0-55.el7" x-pid="1202" x-info="http://www.rsyslog.com"] start
Mar 15 23:04:18 localhost systemd: Started System Logging Service.
Mar 15 23:04:18 localhost systemd: Reached target Remote File Systems (Pre).
Mar 15 23:04:18 localhost systemd: Reached target Remote File Systems.
Mar 15 23:04:18 localhost systemd: Starting Crash recovery kernel arming...
Mar 15 23:04:18 localhost systemd: Starting Virtualization daemon...
Mar 15 23:04:18 localhost systemd: Starting Permit User Sessions...
Mar 15 23:04:18 localhost systemd: Starting Availability of block devices...
Mar 15 23:04:18 localhost sm-notify[1203]: Version 1.3.0 starting
Mar 15 23:04:18 localhost systemd: Started Notify NFS peers of a restart.
Mar 15 23:04:18 localhost systemd: Started OpenSSH server daemon.
Mar 15 23:04:18 localhost systemd: Started Permit User Sessions.
Mar 15 23:04:18 localhost systemd: Started Availability of block devices.
Mar 15 23:04:18 localhost systemd: Started Command Scheduler.
Mar 15 23:04:18 localhost systemd: Started Job spooling tools.
Mar 15 23:04:19 localhost kernel: IPv6: ADDRCONF(NETDEV_CHANGE): enp0s8: link becomes ready
Mar 15 23:04:19 localhost systemd: Started Virtualization daemon.
Mar 15 23:04:19 localhost kdumpctl: No kdump initial ramdisk found.
Mar 15 23:04:19 localhost kdumpctl: Rebuilding /boot/initramfs-3.10.0-1160.el7.x86_64kdump.img
Mar 15 23:04:19 localhost libvirtd: 2023-03-16 03:04:19.290+0000: 1283: info : libvirt version: 4.5.0, package: 36.el7 (CentOS BuildSystem <http://bugs.centos.org>, 2020-10-13-15:57:25, x86-02.bsys.centos.org)
Mar 15 23:04:19 localhost libvirtd: 2023-03-16 03:04:19.290+0000: 1283: info : hostname: localhost.localdomain
Mar 15 23:04:19 localhost libvirtd: 2023-03-16 03:04:19.290+0000: 1283: error : virHostCPUGetTscInfo:1389 : Unable to open /dev/kvm: No such file or directory
Mar 15 23:04:19 localhost libvirtd: 2023-03-16 03:04:19.503+0000: 1283: error : virHostCPUGetTscInfo:1389 : Unable to open /dev/kvm: No such file or directory
Mar 15 23:04:19 localhost libvirtd: 2023-03-16 03:04:19.504+0000: 1283: error : virHostCPUGetTscInfo:1389 : Unable to open /dev/kvm: No such file or directory
Mar 15 23:04:19 localhost NetworkManager[858]: <info>  [1678935859.5201] manager: (virbr0): new Bridge device (/org/freedesktop/NetworkManager/Devices/4)
Mar 15 23:04:19 localhost kernel: tun: Universal TUN/TAP device driver, 1.6
Mar 15 23:04:19 localhost kernel: tun: (C) 1999-2004 Max Krasnyansky <maxk@qualcomm.com>
Mar 15 23:04:19 localhost kernel: virbr0: port 1(virbr0-nic) entered blocking state
Mar 15 23:04:19 localhost kernel: virbr0: port 1(virbr0-nic) entered disabled state
Mar 15 23:04:19 localhost kernel: device virbr0-nic entered promiscuous mode
Mar 15 23:04:19 localhost NetworkManager[858]: <info>  [1678935859.6369] manager: (virbr0-nic): new Tun device (/org/freedesktop/NetworkManager/Devices/5)
Mar 15 23:04:19 localhost NetworkManager[858]: <info>  [1678935859.6596] device (virbr0-nic): state change: unmanaged -> unavailable (reason 'connection-assumed', sys-iface-state: 'external')
Mar 15 23:04:19 localhost NetworkManager[858]: <info>  [1678935859.6601] device (virbr0-nic): state change: unavailable -> disconnected (reason 'none', sys-iface-state: 'external')
Mar 15 23:04:19 localhost systemd: Started Postfix Mail Transport Agent.
Mar 15 23:04:19 localhost kernel: virbr0: port 1(virbr0-nic) entered blocking state
Mar 15 23:04:19 localhost kernel: virbr0: port 1(virbr0-nic) entered listening state
Mar 15 23:04:19 localhost kernel: IPv6: ADDRCONF(NETDEV_UP): virbr0: link is not ready
Mar 15 23:04:19 localhost avahi-daemon[771]: Joining mDNS multicast group on interface virbr0.IPv4 with address 192.168.122.1.
Mar 15 23:04:19 localhost avahi-daemon[771]: New relevant interface virbr0.IPv4 for mDNS.
Mar 15 23:04:19 localhost avahi-daemon[771]: Registering new address record for 192.168.122.1 on virbr0.IPv4.
Mar 15 23:04:19 localhost NetworkManager[858]: <info>  [1678935859.8067] device (virbr0): state change: unmanaged -> unavailable (reason 'connection-assumed', sys-iface-state: 'external')
Mar 15 23:04:19 localhost NetworkManager[858]: <info>  [1678935859.8080] ifcfg-rh: add connection in-memory (25307d57-92ed-4021-956f-b3394c49e412,"virbr0")
Mar 15 23:04:19 localhost NetworkManager[858]: <info>  [1678935859.8083] device (virbr0): state change: unavailable -> disconnected (reason 'connection-assumed', sys-iface-state: 'external')
Mar 15 23:04:19 localhost NetworkManager[858]: <info>  [1678935859.8088] device (virbr0): Activation: starting connection 'virbr0' (25307d57-92ed-4021-956f-b3394c49e412)
Mar 15 23:04:19 localhost NetworkManager[858]: <info>  [1678935859.8088] device (virbr0): state change: disconnected -> prepare (reason 'none', sys-iface-state: 'external')
Mar 15 23:04:19 localhost NetworkManager[858]: <info>  [1678935859.8090] device (virbr0): state change: prepare -> config (reason 'none', sys-iface-state: 'external')
Mar 15 23:04:19 localhost NetworkManager[858]: <info>  [1678935859.8094] keyfile: add connection /var/run/NetworkManager/system-connections/virbr0-nic.nmconnection (150f5175-dbbf-453e-aef9-55e1e9ac1062,"virbr0-nic")
Mar 15 23:04:19 localhost NetworkManager[858]: <info>  [1678935859.8097] device (virbr0-nic): Activation: starting connection 'virbr0-nic' (150f5175-dbbf-453e-aef9-55e1e9ac1062)
Mar 15 23:04:19 localhost NetworkManager[858]: <info>  [1678935859.8097] device (virbr0): state change: config -> ip-config (reason 'none', sys-iface-state: 'external')
Mar 15 23:04:19 localhost NetworkManager[858]: <info>  [1678935859.8098] device (virbr0): state change: ip-config -> ip-check (reason 'none', sys-iface-state: 'external')
Mar 15 23:04:19 localhost NetworkManager[858]: <info>  [1678935859.8100] device (virbr0-nic): state change: disconnected -> prepare (reason 'none', sys-iface-state: 'external')
Mar 15 23:04:19 localhost NetworkManager[858]: <info>  [1678935859.8101] device (virbr0-nic): state change: prepare -> config (reason 'none', sys-iface-state: 'external')
Mar 15 23:04:19 localhost NetworkManager[858]: <info>  [1678935859.8102] device (virbr0): state change: ip-check -> secondaries (reason 'none', sys-iface-state: 'external')
Mar 15 23:04:19 localhost NetworkManager[858]: <info>  [1678935859.8103] device (virbr0-nic): state change: config -> ip-config (reason 'none', sys-iface-state: 'external')
Mar 15 23:04:19 localhost NetworkManager[858]: <info>  [1678935859.8103] device (virbr0): bridge port virbr0-nic was attached
Mar 15 23:04:19 localhost NetworkManager[858]: <info>  [1678935859.8103] device (virbr0-nic): Activation: connection 'virbr0-nic' enslaved, continuing activation
Mar 15 23:04:19 localhost NetworkManager[858]: <info>  [1678935859.8105] device (virbr0-nic): state change: ip-config -> ip-check (reason 'none', sys-iface-state: 'external')
Mar 15 23:04:19 localhost NetworkManager[858]: <info>  [1678935859.8107] device (virbr0): state change: secondaries -> activated (reason 'none', sys-iface-state: 'external')
Mar 15 23:04:19 localhost NetworkManager[858]: <info>  [1678935859.8191] device (virbr0): Activation: successful, device activated.
Mar 15 23:04:19 localhost NetworkManager[858]: <info>  [1678935859.8235] device (virbr0-nic): state change: ip-check -> secondaries (reason 'none', sys-iface-state: 'external')
Mar 15 23:04:19 localhost nm-dispatcher: req:5 'up' [virbr0]: new request (4 scripts)
Mar 15 23:04:19 localhost nm-dispatcher: req:5 'up' [virbr0]: start running ordered scripts...
Mar 15 23:04:19 localhost NetworkManager[858]: <info>  [1678935859.8243] device (virbr0-nic): state change: secondaries -> activated (reason 'none', sys-iface-state: 'external')
Mar 15 23:04:19 localhost NetworkManager[858]: <info>  [1678935859.8325] device (virbr0-nic): Activation: successful, device activated.
Mar 15 23:04:19 localhost systemd: Started Dynamic System Tuning Daemon.
Mar 15 23:04:19 localhost nm-dispatcher: req:6 'up' [virbr0-nic]: new request (4 scripts)
Mar 15 23:04:19 localhost dnsmasq[1744]: started, version 2.76 cachesize 150
Mar 15 23:04:19 localhost kernel: virbr0: port 1(virbr0-nic) entered disabled state
Mar 15 23:04:19 localhost dnsmasq[1744]: compile time options: IPv6 GNU-getopt DBus no-i18n IDN DHCP DHCPv6 no-Lua TFTP no-conntrack ipset auth no-DNSSEC loop-detect inotify
Mar 15 23:04:19 localhost dnsmasq-dhcp[1744]: DHCP, IP range 192.168.122.2 -- 192.168.122.254, lease time 1h
Mar 15 23:04:19 localhost dnsmasq-dhcp[1744]: DHCP, sockets bound exclusively to interface virbr0
Mar 15 23:04:19 localhost dnsmasq[1744]: reading /etc/resolv.conf
Mar 15 23:04:19 localhost dnsmasq[1744]: using nameserver 10.6.15.200#53
Mar 15 23:04:19 localhost NetworkManager[858]: <info>  [1678935859.8572] device (virbr0-nic): state change: activated -> unmanaged (reason 'connection-assumed', sys-iface-state: 'external')
Mar 15 23:04:19 localhost dnsmasq[1744]: read /etc/hosts - 2 addresses
Mar 15 23:04:19 localhost NetworkManager[858]: <info>  [1678935859.8578] device (virbr0): bridge port virbr0-nic was detached
Mar 15 23:04:19 localhost NetworkManager[858]: <info>  [1678935859.8578] device (virbr0-nic): released from master device virbr0
Mar 15 23:04:19 localhost dnsmasq[1744]: read /var/lib/libvirt/dnsmasq/default.addnhosts - 0 addresses
Mar 15 23:04:19 localhost dnsmasq-dhcp[1744]: read /var/lib/libvirt/dnsmasq/default.hostsfile
Mar 15 23:04:19 localhost nm-dispatcher: req:7 'down' [virbr0-nic]: new request (4 scripts)
Mar 15 23:04:19 localhost systemd: Unit iscsi.service cannot be reloaded because it is inactive.
Mar 15 23:04:19 localhost ModemManager[720]: <info>  Couldn't check support for device at '/sys/devices/pci0000:00/0000:00:03.0': not supported by any plugin
Mar 15 23:04:19 localhost ModemManager[720]: <info>  Couldn't check support for device at '/sys/devices/pci0000:00/0000:00:08.0': not supported by any plugin
Mar 15 23:04:19 localhost nm-dispatcher: req:6 'up' [virbr0-nic]: start running ordered scripts...
Mar 15 23:04:19 localhost systemd: Unit iscsi.service cannot be reloaded because it is inactive.
Mar 15 23:04:19 localhost nm-dispatcher: req:7 'down' [virbr0-nic]: start running ordered scripts...
Mar 15 23:04:20 localhost initial-setup: Starting Initial Setup GUI
Mar 15 23:04:20 localhost dracut: dracut-033-572.el7
Mar 15 23:04:20 localhost dracut: Executing: /usr/sbin/dracut --quiet --hostonly --hostonly-cmdline --hostonly-i18n --hostonly-mode strict -o "plymouth dash resume ifcfg" --mount "/dev/mapper/centos-root /sysroot xfs defaults" --no-hostonly-default-device -f /boot/initramfs-3.10.0-1160.el7.x86_64kdump.img 3.10.0-1160.el7.x86_64
Mar 15 23:04:20 localhost initial-setup: Running Metacity with custom overrides
Mar 15 23:04:20 localhost initial-setup: Running (/usr/libexec/initial-setup/initial-setup-graphical)
Mar 15 23:04:20 localhost dracut: dracut module 'busybox' will not be installed, because command 'busybox' could not be found!
Mar 15 23:04:20 localhost dracut: dracut module 'ifcfg' will not be installed, because it's in the list to be omitted!
Mar 15 23:04:20 localhost dracut: dracut module 'plymouth' will not be installed, because it's in the list to be omitted!
Mar 15 23:04:20 localhost dracut: dracut module 'dmsquash-live-ntfs' will not be installed, because command 'ntfs-3g' could not be found!
Mar 15 23:04:20 localhost dracut: dracut module 'cifs' will not be installed, because command 'mount.cifs' could not be found!
Mar 15 23:04:20 localhost dracut: dracut module 'resume' will not be installed, because it's in the list to be omitted!
Mar 15 23:04:20 localhost dracut: dracut module 'busybox' will not be installed, because command 'busybox' could not be found!
Mar 15 23:04:20 localhost dracut: dracut module 'dmsquash-live-ntfs' will not be installed, because command 'ntfs-3g' could not be found!
Mar 15 23:04:20 localhost dracut: dracut module 'cifs' will not be installed, because command 'mount.cifs' could not be found!
Mar 15 23:04:21 localhost dracut: *** Including module: bash ***
Mar 15 23:04:21 localhost dracut: *** Including module: nss-softokn ***
Mar 15 23:04:21 localhost dracut: *** Including module: i18n ***
Mar 15 23:04:21 localhost initial-setup: Initial Setup 0.3.9.45
Mar 15 23:04:21 localhost initial-setup: found 3 addon modules:
Mar 15 23:04:21 localhost initial-setup: parsing input kickstart /root/anaconda-ks.cfg
Mar 15 23:04:21 localhost initial-setup: kickstart parsing done
Mar 15 23:04:21 localhost dracut: *** Including module: drm ***
Mar 15 23:04:21 localhost org.a11y.Bus: Activating service name='org.a11y.atspi.Registry'
Mar 15 23:04:21 localhost anaconda: /usr/lib/python2.7/site-packages/meh/ui/gui.py:23: PyGIWarning: Gtk was imported without specifying a version first. Use gi.require_version('Gtk', '3.0') before import to ensure that the right version gets loaded.#012  from gi.repository import Gtk
Mar 15 23:04:21 localhost org.a11y.Bus: Successfully activated service 'org.a11y.atspi.Registry'
Mar 15 23:04:21 localhost org.a11y.atspi.Registry: SpiRegistry daemon is running with well-known name - org.a11y.atspi.Registry
Mar 15 23:04:21 localhost initial-setup: starting the UI
Mar 15 23:04:21 localhost NetworkManager[858]: <info>  [1678935861.8736] agent-manager: req[0x5609425e4aa0, :1.31/anaconda/0]: agent registered
Mar 15 23:04:21 localhost dracut: *** Including module: dm ***
Mar 15 23:04:21 localhost dracut: Skipping udev rule: 64-device-mapper.rules
Mar 15 23:04:21 localhost dracut: Skipping udev rule: 60-persistent-storage-dm.rules
Mar 15 23:04:21 localhost dracut: Skipping udev rule: 55-dm.rules
Mar 15 23:04:22 localhost dracut: *** Including module: kernel-modules ***
Mar 15 23:04:22 localhost anaconda: Initialization controller for hub InitialSetupMainHub expected but missing.
Mar 15 23:04:25 localhost dracut: *** Including module: lvm ***
Mar 15 23:04:25 localhost dracut: Skipping udev rule: 64-device-mapper.rules
Mar 15 23:04:25 localhost dracut: Skipping udev rule: 56-lvm.rules
Mar 15 23:04:25 localhost dracut: Skipping udev rule: 60-persistent-storage-lvm.rules
Mar 15 23:04:25 localhost dracut: *** Including module: qemu ***
Mar 15 23:04:25 localhost dracut: *** Including module: fstab-sys ***
Mar 15 23:04:25 localhost dracut: *** Including module: rootfs-block ***
Mar 15 23:04:25 localhost dracut: *** Including module: terminfo ***
Mar 15 23:04:25 localhost dracut: *** Including module: udev-rules ***
Mar 15 23:04:25 localhost dracut: Skipping udev rule: 40-redhat-cpu-hotplug.rules
Mar 15 23:04:26 localhost dracut: Skipping udev rule: 91-permissions.rules
Mar 15 23:04:26 localhost dracut: *** Including module: biosdevname ***
Mar 15 23:04:26 localhost dracut: *** Including module: systemd ***
Mar 15 23:04:26 localhost dracut: *** Including module: usrmount ***
Mar 15 23:04:26 localhost dracut: *** Including module: base ***
Mar 15 23:04:26 localhost dracut: *** Including module: fs-lib ***
Mar 15 23:04:26 localhost dracut: *** Including module: kdumpbase ***
Mar 15 23:04:26 localhost dracut: *** Including module: microcode_ctl-fw_dir_override ***
Mar 15 23:04:26 localhost dracut:  microcode_ctl module: mangling fw_dir
Mar 15 23:04:26 localhost dracut:    microcode_ctl: reset fw_dir to "/lib/firmware/updates /lib/firmware"
Mar 15 23:04:26 localhost dracut:    microcode_ctl: processing data directory  "/usr/share/microcode_ctl/ucode_with_caveats/intel"...
Mar 15 23:04:26 localhost dracut:    microcode_ctl: configuration "intel" is ignored
Mar 15 23:04:26 localhost dracut:    microcode_ctl: processing data directory  "/usr/share/microcode_ctl/ucode_with_caveats/intel-06-2d-07"...
Mar 15 23:04:26 localhost dracut:    microcode_ctl: configuration "intel-06-2d-07" is ignored
Mar 15 23:04:26 localhost dracut:    microcode_ctl: processing data directory  "/usr/share/microcode_ctl/ucode_with_caveats/intel-06-4e-03"...
Mar 15 23:04:26 localhost dracut:    microcode_ctl: configuration "intel-06-4e-03" is ignored
Mar 15 23:04:26 localhost dracut:    microcode_ctl: processing data directory  "/usr/share/microcode_ctl/ucode_with_caveats/intel-06-4f-01"...
Mar 15 23:04:26 localhost dracut:    microcode_ctl: configuration "intel-06-4f-01" is ignored
Mar 15 23:04:26 localhost dracut:    microcode_ctl: processing data directory  "/usr/share/microcode_ctl/ucode_with_caveats/intel-06-55-04"...
Mar 15 23:04:26 localhost dracut:    microcode_ctl: configuration "intel-06-55-04" is ignored
Mar 15 23:04:26 localhost dracut:    microcode_ctl: processing data directory  "/usr/share/microcode_ctl/ucode_with_caveats/intel-06-5e-03"...
Mar 15 23:04:26 localhost dracut:    microcode_ctl: configuration "intel-06-5e-03" is ignored
Mar 15 23:04:26 localhost dracut:    microcode_ctl: final fw_dir: "/lib/firmware/updates /lib/firmware"
Mar 15 23:04:26 localhost dracut: *** Including module: shutdown ***
Mar 15 23:04:26 localhost chronyd[792]: Selected source 198.137.202.32
Mar 15 23:04:26 localhost dracut: *** Including modules done ***
Mar 15 23:04:26 localhost dracut: *** Installing kernel module dependencies and firmware ***
Mar 15 23:04:27 localhost dracut: *** Installing kernel module dependencies and firmware done ***
Mar 15 23:04:27 localhost dracut: *** Resolving executable dependencies ***
Mar 15 23:04:27 localhost dracut: *** Resolving executable dependencies done***
Mar 15 23:04:27 localhost dracut: *** Hardlinking files ***
Mar 15 23:04:27 localhost dracut: *** Hardlinking files done ***
Mar 15 23:04:27 localhost dracut: *** Stripping files ***
Mar 15 23:04:27 localhost dracut: *** Stripping files done ***
Mar 15 23:04:27 localhost dracut: *** Generating early-microcode cpio image contents ***
Mar 15 23:04:27 localhost dracut: *** Constructing GenuineIntel.bin ****
Mar 15 23:04:27 localhost dracut: *** No early-microcode cpio image needed ***
Mar 15 23:04:27 localhost dracut: *** Store current command line parameters ***
Mar 15 23:04:27 localhost dracut: *** Creating image file ***
Mar 15 23:04:32 localhost dracut: *** Creating image file done ***
Mar 15 23:04:32 localhost dracut: *** Creating initramfs image file '/boot/initramfs-3.10.0-1160.el7.x86_64kdump.img' done ***
Mar 15 23:04:32 localhost kdumpctl: kexec: loaded kdump kernel
Mar 15 23:04:32 localhost kdumpctl: Starting kdump: [OK]
Mar 15 23:04:32 localhost systemd: Started Crash recovery kernel arming.
Mar 15 23:04:33 localhost initial-setup: applying changes
Mar 15 23:04:33 localhost initial-setup: executing kickstart
Mar 15 23:04:33 localhost initial-setup: executing addons
Mar 15 23:04:33 localhost initial-setup: writing the Initial Setup kickstart file /root/initial-setup-ks.cfg
Mar 15 23:04:33 localhost initial-setup: finished writing the Initial Setup kickstart file
Mar 15 23:04:33 localhost initial-setup: all changes have been applied
Mar 15 23:04:33 localhost initial-setup: Stopping the window manager (/usr/bin/metacity)
Mar 15 23:04:34 localhost initial-setup: Initial Setup finished successfully, disabling
Mar 15 23:04:34 localhost systemd: Reloading.
Mar 15 23:04:34 localhost systemd: Reached target Multi-User System.
Mar 15 23:04:34 localhost systemd: Received SIGRTMIN+20 from PID 8697 (kill).
Mar 15 23:04:34 localhost systemd: Started Initial Setup configuration program.
Mar 15 23:04:34 localhost systemd: Starting GNOME Display Manager...
Mar 15 23:04:34 localhost systemd: Reached target Login Prompts (Pre).
Mar 15 23:04:34 localhost systemd: Started GNOME Display Manager.
Mar 15 23:04:34 localhost systemd: Reached target Graphical Interface.
Mar 15 23:04:34 localhost systemd: Starting Update UTMP about System Runlevel Changes...
Mar 15 23:04:34 localhost systemd: Started Update UTMP about System Runlevel Changes.
Mar 15 23:04:34 localhost systemd: Startup finished in 530ms (kernel) + 2.605s (initrd) + 22.843s (userspace) = 25.979s.
Mar 15 23:04:35 localhost systemd: Created slice User Slice of gdm.
Mar 15 23:04:35 localhost systemd: Started Session c1 of user gdm.
Mar 15 23:04:35 localhost systemd-logind: New session c1 of user gdm.
Mar 15 23:04:35 localhost org.a11y.Bus: Activating service name='org.a11y.atspi.Registry'
Mar 15 23:04:35 localhost org.a11y.Bus: Successfully activated service 'org.a11y.atspi.Registry'
Mar 15 23:04:35 localhost org.a11y.atspi.Registry: SpiRegistry daemon is running with well-known name - org.a11y.atspi.Registry
Mar 15 23:04:35 localhost gnome-session: generating cookie with syscall
Mar 15 23:04:35 localhost gnome-session: generating cookie with syscall
Mar 15 23:04:35 localhost gnome-session: generating cookie with syscall
Mar 15 23:04:35 localhost gnome-session: generating cookie with syscall
Mar 15 23:04:35 localhost dbus[735]: [system] Activating via systemd: service name='org.freedesktop.UPower' unit='upower.service'
Mar 15 23:04:35 localhost systemd: Starting Daemon for power management...
Mar 15 23:04:35 localhost dbus[735]: [system] Successfully activated service 'org.freedesktop.UPower'
Mar 15 23:04:35 localhost systemd: Started Daemon for power management.
Mar 15 23:04:35 localhost rtkit-daemon[723]: Successfully made thread 8792 of process 8792 (/usr/bin/pulseaudio) owned by '42' high priority at nice level -11.
Mar 15 23:04:35 localhost pulseaudio[8792]: [pulseaudio] alsa-util.c: Disabling timer-based scheduling because running inside a VM.
Mar 15 23:04:35 localhost pulseaudio[8792]: [pulseaudio] sink.c: Default and alternate sample rates are the same.
Mar 15 23:04:35 localhost rtkit-daemon[723]: Successfully made thread 8795 of process 8792 (/usr/bin/pulseaudio) owned by '42' RT at priority 5.
Mar 15 23:04:35 localhost pulseaudio[8792]: [pulseaudio] alsa-util.c: Disabling timer-based scheduling because running inside a VM.
Mar 15 23:04:35 localhost rtkit-daemon[723]: Successfully made thread 8798 of process 8792 (/usr/bin/pulseaudio) owned by '42' RT at priority 5.
Mar 15 23:04:35 localhost pulseaudio[8792]: [pulseaudio] authkey.c: Failed to open cookie file '/var/lib/gdm/.config/pulse/cookie': No such file or directory
Mar 15 23:04:35 localhost pulseaudio[8792]: [pulseaudio] authkey.c: Failed to load authentication key '/var/lib/gdm/.config/pulse/cookie': No such file or directory
Mar 15 23:04:35 localhost pulseaudio[8792]: [pulseaudio] authkey.c: Failed to open cookie file '/var/lib/gdm/.pulse-cookie': No such file or directory
Mar 15 23:04:35 localhost pulseaudio[8792]: [pulseaudio] authkey.c: Failed to load authentication key '/var/lib/gdm/.pulse-cookie': No such file or directory
Mar 15 23:04:36 localhost dbus[735]: [system] Activating via systemd: service name='org.freedesktop.locale1' unit='dbus-org.freedesktop.locale1.service'
Mar 15 23:04:36 localhost systemd: Starting Locale Service...
Mar 15 23:04:36 localhost dbus[735]: [system] Successfully activated service 'org.freedesktop.locale1'
Mar 15 23:04:36 localhost systemd: Started Locale Service.
Mar 15 23:04:37 localhost dbus[735]: [system] Activating via systemd: service name='org.freedesktop.GeoClue2' unit='geoclue.service'
Mar 15 23:04:37 localhost dbus[735]: [system] Activating via systemd: service name='org.freedesktop.bolt' unit='bolt.service'
Mar 15 23:04:37 localhost systemd: Starting Thunderbolt system service...
Mar 15 23:04:37 localhost systemd: Starting Location Lookup Service...
Mar 15 23:04:37 localhost journal: bolt 0.7 starting up.
Mar 15 23:04:37 localhost journal: config: loading user config
Mar 15 23:04:37 localhost journal: bouncer: initializing polkit
Mar 15 23:04:37 localhost journal: udev: initializing udev
Mar 15 23:04:37 localhost journal: store: loading domains
Mar 15 23:04:37 localhost journal: store: loading devices
Mar 15 23:04:37 localhost dbus[735]: [system] Successfully activated service 'org.freedesktop.bolt'
Mar 15 23:04:37 localhost journal: power: force power support: no
Mar 15 23:04:37 localhost dbus[735]: [system] Activating via systemd: service name='org.freedesktop.PackageKit' unit='packagekit.service'
Mar 15 23:04:37 localhost journal: udev: enumerating devices
Mar 15 23:04:37 localhost systemd: Started Thunderbolt system service.
Mar 15 23:04:37 localhost systemd: Starting PackageKit Daemon...
Mar 15 23:04:37 localhost dbus[735]: [system] Activating via systemd: service name='fi.w1.wpa_supplicant1' unit='wpa_supplicant.service'
Mar 15 23:04:37 localhost systemd: Starting WPA Supplicant daemon...
Mar 15 23:04:37 localhost dbus[735]: [system] Successfully activated service 'fi.w1.wpa_supplicant1'
Mar 15 23:04:37 localhost systemd: Started WPA Supplicant daemon.
Mar 15 23:04:37 localhost dbus[735]: [system] Successfully activated service 'org.freedesktop.GeoClue2'
Mar 15 23:04:37 localhost systemd: Started Location Lookup Service.
Mar 15 23:04:37 localhost dbus[735]: [system] Successfully activated service 'org.freedesktop.PackageKit'
Mar 15 23:04:37 localhost systemd: Started PackageKit Daemon.
Mar 15 23:04:37 localhost dbus[735]: [system] Activating via systemd: service name='net.reactivated.Fprint' unit='fprintd.service'
Mar 15 23:04:37 localhost systemd: Starting Fingerprint Authentication Daemon...
Mar 15 23:04:37 localhost dbus[735]: [system] Successfully activated service 'net.reactivated.Fprint'
Mar 15 23:04:37 localhost systemd: Started Fingerprint Authentication Daemon.
Mar 15 23:04:37 localhost dbus[735]: [system] Activating via systemd: service name='org.freedesktop.ColorManager' unit='colord.service'
Mar 15 23:04:37 localhost systemd: Starting Manage, Install and Generate Color Profiles...
Mar 15 23:04:37 localhost dbus[735]: [system] Activating via systemd: service name='org.freedesktop.realmd' unit='realmd.service'
Mar 15 23:04:37 localhost systemd: Starting Realm and Domain Configuration...
Mar 15 23:04:37 localhost journal: failed to get edid data: EDID length is too small
Mar 15 23:04:37 localhost dbus[735]: [system] Successfully activated service 'org.freedesktop.realmd'
Mar 15 23:04:37 localhost systemd: Started Realm and Domain Configuration.
Mar 15 23:04:37 localhost dbus[735]: [system] Successfully activated service 'org.freedesktop.ColorManager'
Mar 15 23:04:37 localhost systemd: Started Manage, Install and Generate Color Profiles.
Mar 15 23:04:37 localhost spice-vdagent[8955]: Cannot access vdagent virtio channel /dev/virtio-ports/com.redhat.spice.0
Mar 15 23:04:37 localhost gnome-session: gnome-session-binary[8726]: WARNING: App 'spice-vdagent.desktop' exited with code 1
Mar 15 23:04:37 localhost gnome-session-binary[8726]: WARNING: App 'spice-vdagent.desktop' exited with code 1
Mar 15 23:04:37 localhost spice-streaming-agent[8960]: Failed to open the streaming device "/dev/virtio-ports/org.spice-space.stream.0": 2 - No such file or directory
Mar 15 23:04:37 localhost gnome-session-binary: Entering running state
Mar 15 23:04:38 localhost journal: Error looking up permission: GDBus.Error:org.freedesktop.portal.Error.NotFound: No entry for geolocation
Mar 15 23:04:38 localhost org.gnome.Shell.desktop: Window manager warning: "XF86RFKill" is not a valid accelerator
Mar 15 23:04:38 localhost journal: failed to get edid: unable to get EDID for output
Mar 15 23:04:38 localhost journal: JS WARNING: [resource:///org/gnome/shell/ui/layout.js 29]: reference to undefined property "MetaWindowX11"
Mar 15 23:04:39 localhost journal: unable to get EDID for xrandr-Virtual1: unable to get EDID for output
Mar 15 23:04:42 localhost systemd: Created slice User Slice of harrygayla.
Mar 15 23:04:42 localhost systemd: Started Session 1 of user harrygayla.
Mar 15 23:04:42 localhost systemd-logind: New session 1 of user harrygayla.
Mar 15 23:04:42 localhost gnome-session-binary[8726]: WARNING: Application 'org.gnome.SettingsDaemon.Clipboard.desktop' killed by signal 15
Mar 15 23:04:42 localhost gnome-session: gnome-session-binary[8726]: WARNING: Application 'org.gnome.SettingsDaemon.Clipboard.desktop' killed by signal 15
Mar 15 23:04:42 localhost gnome-session: gnome-session-binary[8726]: WARNING: Application 'org.gnome.SettingsDaemon.Housekeeping.desktop' killed by signal 15
Mar 15 23:04:42 localhost gnome-session: gnome-session-binary[8726]: WARNING: Application 'org.gnome.SettingsDaemon.Mouse.desktop' killed by signal 15
Mar 15 23:04:42 localhost gnome-session: gnome-session-binary[8726]: WARNING: Application 'org.gnome.SettingsDaemon.PrintNotifications.desktop' killed by signal 15
